Archive member included to satisfy reference by file (symbol)

.\CortexM3\ARM_GCC_541\Debug\Projekt_PSoC_Kode.a(PWM_1.o)
                              .\CortexM3\ARM_GCC_541\Debug\MotorController.o (PWM_1_WriteCompare1)
.\CortexM3\ARM_GCC_541\Debug\Projekt_PSoC_Kode.a(I2C_1.o)
                              .\CortexM3\ARM_GCC_541\Debug\main.o (I2C_1_Start)
.\CortexM3\ARM_GCC_541\Debug\Projekt_PSoC_Kode.a(I2C_1_INT.o)
                              .\CortexM3\ARM_GCC_541\Debug\Projekt_PSoC_Kode.a(I2C_1.o) (I2C_1_ISR)
.\CortexM3\ARM_GCC_541\Debug\Projekt_PSoC_Kode.a(I2C_1_PM.o)
                              .\CortexM3\ARM_GCC_541\Debug\Projekt_PSoC_Kode.a(I2C_1.o) (I2C_1_backup)
.\CortexM3\ARM_GCC_541\Debug\Projekt_PSoC_Kode.a(I2C_1_MASTER.o)
                              .\CortexM3\ARM_GCC_541\Debug\Projekt_PSoC_Kode.a(I2C_1.o) (I2C_1_mstrStatus)
.\CortexM3\ARM_GCC_541\Debug\Projekt_PSoC_Kode.a(CyLib.o)
                              .\CortexM3\ARM_GCC_541\Debug\Cm3Start.o (CyHalt)
.\CortexM3\ARM_GCC_541\Debug\Projekt_PSoC_Kode.a(cyPm.o)
                              .\CortexM3\ARM_GCC_541\Debug\Projekt_PSoC_Kode.a(CyLib.o) (CyPmReadStatus)
.\CortexM3\ARM_GCC_541\Debug\Projekt_PSoC_Kode.a(UART_1.o)
                              .\CortexM3\ARM_GCC_541\Debug\main.o (UART_1_Start)
.\CortexM3\ARM_GCC_541\Debug\Projekt_PSoC_Kode.a(UART_1_INT.o)
                              .\CortexM3\ARM_GCC_541\Debug\Projekt_PSoC_Kode.a(UART_1.o) (UART_1_RXISR)
.\CortexM3\ARM_GCC_541\Debug\Projekt_PSoC_Kode.a(UART_1_IntClock.o)
                              .\CortexM3\ARM_GCC_541\Debug\Projekt_PSoC_Kode.a(UART_1.o) (UART_1_IntClock_Start)
.\CortexM3\ARM_GCC_541\Debug\Projekt_PSoC_Kode.a(SPIS_1.o)
                              .\CortexM3\ARM_GCC_541\Debug\main.o (SPIS_1_Stop)
.\CortexM3\ARM_GCC_541\Debug\Projekt_PSoC_Kode.a(SPIS_1_INT.o)
                              .\CortexM3\ARM_GCC_541\Debug\Projekt_PSoC_Kode.a(SPIS_1.o) (SPIS_1_RX_ISR)
.\CortexM3\ARM_GCC_541\Debug\Projekt_PSoC_Kode.a(LED_PWM.o)
                              .\CortexM3\ARM_GCC_541\Debug\LED.o (LED_PWM_WriteCompare1)
.\CortexM3\ARM_GCC_541\Debug\Projekt_PSoC_Kode.a(Power_isr.o)
                              .\CortexM3\ARM_GCC_541\Debug\main.o (Power_isr_StartEx)
.\CortexM3\ARM_GCC_541\Debug\Projekt_PSoC_Kode.a(Follow_isr.o)
                              .\CortexM3\ARM_GCC_541\Debug\main.o (Follow_isr_StartEx)
.\CortexM3\ARM_GCC_541\Debug\Projekt_PSoC_Kode.a(SPIS.o)
                              .\CortexM3\ARM_GCC_541\Debug\RpiSPI.o (SPIS_WriteTxData)
.\CortexM3\ARM_GCC_541\Debug\Projekt_PSoC_Kode.a(isr_1.o)
                              .\CortexM3\ARM_GCC_541\Debug\main.o (isr_1_StartEx)
.\CortexM3\ARM_GCC_541\Debug\Projekt_PSoC_Kode.a(Forward_ORANGE.o)
                              .\CortexM3\ARM_GCC_541\Debug\MotorController.o (Forward_ORANGE_Write)
.\CortexM3\ARM_GCC_541\Debug\Projekt_PSoC_Kode.a(Backward_GUL.o)
                              .\CortexM3\ARM_GCC_541\Debug\MotorController.o (Backward_GUL_Write)
.\CortexM3\ARM_GCC_541\Debug\Projekt_PSoC_Kode.a(Timer_1.o)
                              .\CortexM3\ARM_GCC_541\Debug\main.o (Timer_1_Stop)
.\CortexM3\ARM_GCC_541\Debug\Projekt_PSoC_Kode.a(Motor_timer_isr.o)
                              .\CortexM3\ARM_GCC_541\Debug\main.o (Motor_timer_isr_StartEx)
.\CortexM3\ARM_GCC_541\Debug\Projekt_PSoC_Kode.a(Timer_2.o)
                              .\CortexM3\ARM_GCC_541\Debug\main.o (Timer_2_Start)
.\CortexM3\ARM_GCC_541\Debug\Projekt_PSoC_Kode.a(Tester.o)
                              .\CortexM3\ARM_GCC_541\Debug\main.o (Tester_StartEx)
.\CortexM3\ARM_GCC_541\Debug\Projekt_PSoC_Kode.a(CyBootAsmGnu.o)
                              .\CortexM3\ARM_GCC_541\Debug\cyfitter_cfg.o (CyDelayCycles)
.\CortexM3\ARM_GCC_541\Debug\Projekt_PSoC_Kode.a(CyFlash.o)
                              .\CortexM3\ARM_GCC_541\Debug\Projekt_PSoC_Kode.a(cyPm.o) (CyFlash_SetWaitCycles)
.\CortexM3\ARM_GCC_541\Debug\Projekt_PSoC_Kode.a(CySpc.o)
                              .\CortexM3\ARM_GCC_541\Debug\Projekt_PSoC_Kode.a(CyFlash.o) (CySpcStart)
c:/program files (x86)/cypress/psoc creator/4.2/psoc creator/import/gnu/arm/5.4.1/bin/../lib/gcc/arm-none-eabi/5.4.1/armv7-m\libgcc.a(_arm_addsubsf3.o)
                              .\CortexM3\ARM_GCC_541\Debug\PIDcontroller.o (__aeabi_fsub)
c:/program files (x86)/cypress/psoc creator/4.2/psoc creator/import/gnu/arm/5.4.1/bin/../lib/gcc/arm-none-eabi/5.4.1/armv7-m\libgcc.a(_arm_muldivsf3.o)
                              .\CortexM3\ARM_GCC_541\Debug\PIDcontroller.o (__aeabi_fmul)
c:/program files (x86)/cypress/psoc creator/4.2/psoc creator/import/gnu/arm/5.4.1/bin/../lib/gcc/arm-none-eabi/5.4.1/armv7-m\libgcc.a(_arm_cmpsf2.o)
                              .\CortexM3\ARM_GCC_541\Debug\PIDcontroller.o (__aeabi_fcmplt)
c:/program files (x86)/cypress/psoc creator/4.2/psoc creator/import/gnu/arm/5.4.1/bin/../lib/gcc/arm-none-eabi/5.4.1/armv7-m\libgcc.a(_arm_fixsfsi.o)
[...]
Memory Configuration

Name             Origin             Length             Attributes
rom              0x00000000         0x00040000         xr
ram              0x1fff8000         0x00010000         xrw
*default*        0x00000000         0xffffffff

Linker script and memory map

LOAD c:/program files (x86)/cypress/psoc creator/4.2/psoc creator/import/gnu/arm/5.4.1/bin/../lib/gcc/arm-none-eabi/5.4.1/armv7-m/crti.o
LOAD c:/program files (x86)/cypress/psoc creator/4.2/psoc creator/import/gnu/arm/5.4.1/bin/../lib/gcc/arm-none-eabi/5.4.1/armv7-m/crtbegin.o
LOAD c:/program files (x86)/cypress/psoc creator/4.2/psoc creator/import/gnu/arm/5.4.1/bin/../lib/gcc/arm-none-eabi/5.4.1/../../../../arm-none-eabi/lib/armv7-m/crt0.o
START GROUP
LOAD .\CortexM3\ARM_GCC_541\Debug\main.o
LOAD .\CortexM3\ARM_GCC_541\Debug\RpiSPI.o
LOAD .\CortexM3\ARM_GCC_541\Debug\PIDcontroller.o
LOAD .\CortexM3\ARM_GCC_541\Debug\MotorController.o
LOAD .\CortexM3\ARM_GCC_541\Debug\Switches.o
LOAD .\CortexM3\ARM_GCC_541\Debug\LED.o
LOAD .\CortexM3\ARM_GCC_541\Debug\GyroDefs.o
LOAD .\CortexM3\ARM_GCC_541\Debug\i2c.o
LOAD .\CortexM3\ARM_GCC_541\Debug\Gyro.o
LOAD .\CortexM3\ARM_GCC_541\Debug\ToF.o
LOAD .\CortexM3\ARM_GCC_541\Debug\cyfitter_cfg.o
LOAD .\CortexM3\ARM_GCC_541\Debug\cymetadata.o
LOAD .\CortexM3\ARM_GCC_541\Debug\Cm3Start.o
LOAD .\CortexM3\ARM_GCC_541\Debug\Projekt_PSoC_Kode.a
LOAD C:\Program Files (x86)\Cypress\PSoC Creator\4.2\PSoC Creator\psoc\content\cycomponentlibrary\CyComponentLibrary.cylib\CortexM3\ARM_GCC_541\Debug\CyComponentLibrary.a
END GROUP
START GROUP
LOAD c:/program files (x86)/cypress/psoc creator/4.2/psoc creator/import/gnu/arm/5.4.1/bin/../lib/gcc/arm-none-eabi/5.4.1/armv7-m\libgcc.a
LOAD c:/program files (x86)/cypress/psoc creator/4.2/psoc creator/import/gnu/arm/5.4.1/bin/../lib/gcc/arm-none-eabi/5.4.1/../../../../arm-none-eabi/lib/armv7-m\libg_nano.a
LOAD c:/program files (x86)/cypress/psoc creator/4.2/psoc creator/import/gnu/arm/5.4.1/bin/../lib/gcc/arm-none-eabi/5.4.1/../../../../arm-none-eabi/lib/armv7-m\libc_nano.a
END GROUP
START GROUP
LOAD c:/program files (x86)/cypress/psoc creator/4.2/psoc creator/import/gnu/arm/5.4.1/bin/../lib/gcc/arm-none-eabi/5.4.1/armv7-m\libgcc.a
LOAD c:/program files (x86)/cypress/psoc creator/4.2/psoc creator/import/gnu/arm/5.4.1/bin/../lib/gcc/arm-none-eabi/5.4.1/../../../../arm-none-eabi/lib/armv7-m\libc_nano.a
END GROUP
LOAD c:/program files (x86)/cypress/psoc creator/4.2/psoc creator/import/gnu/arm/5.4.1/bin/../lib/gcc/arm-none-eabi/5.4.1/armv7-m/crtend.o
LOAD c:/program files (x86)/cypress/psoc creator/4.2/psoc creator/import/gnu/arm/5.4.1/bin/../lib/gcc/arm-none-eabi/5.4.1/armv7-m/crtn.o
START GROUP
LOAD c:/program files (x86)/cypress/psoc creator/4.2/psoc creator/import/gnu/arm/5.4.1/bin/../lib/gcc/arm-none-eabi/5.4.1/armv7-m\libgcc.a
LOAD c:/program files (x86)/cypress/psoc creator/4.2/psoc creator/import/gnu/arm/5.4.1/bin/../lib/gcc/arm-none-eabi/5.4.1/../../../../arm-none-eabi/lib/armv7-m\libc.a
LOAD c:/program files (x86)/cypress/psoc creator/4.2/psoc creator/import/gnu/arm/5.4.1/bin/../lib/gcc/arm-none-eabi/5.4.1/../../../../arm-none-eabi/lib/armv7-m\libnosys.a
END GROUP
                0x00000000                CY_APPL_ORIGIN = 0x0
                0x00000100                CY_FLASH_ROW_SIZE = 0x100
                0x00000020                CY_ECC_ROW_SIZE = 0x20
                0x00000000                CY_EE_IN_BTLDR = 0x0
                0x00000000                CY_APPL_LOADABLE = 0x0
                0x00000800                CY_EE_SIZE = 0x800
                0x00000001                CY_APPL_NUM = 0x1
                0x00000001                CY_APPL_MAX = 0x1
                0x00000040                CY_METADATA_SIZE = 0x40
                0x00000000                CY_APPL_LOADABLE = 0x0
                0x00000000                CY_CHECKSUM_EXCLUDE_SIZE = ALIGN (0x0, CY_FLASH_ROW_SIZE)
                [!provide]                PROVIDE (__cy_heap_start, _end)
                0x00000001                PROVIDE (__cy_region_num, ((__cy_regions_end - __cy_regions) / 0x10))
                0x20008000                PROVIDE (__cy_stack, (ORIGIN (ram) + LENGTH (ram)))
                [!provide]                PROVIDE (__cy_heap_end, (__cy_stack - 0x800))

.cybootloader   0x00000000        0x0
 *(.cybootloader)
                0x00000000                appl1_start = CY_APPL_ORIGIN?CY_APPL_ORIGIN:ALIGN (CY_FLASH_ROW_SIZE)
                0x0001ff00                appl2_start = (appl1_start + ALIGN ((((LENGTH (rom) - appl1_start) - (0x2 * CY_FLASH_ROW_SIZE)) / 0x2), CY_FLASH_ROW_SIZE))
                0x00000000                appl_start = (CY_APPL_NUM == 0x1)?appl1_start:appl2_start
                0x00000000                ecc_offset = ((appl_start / CY_FLASH_ROW_SIZE) * CY_ECC_ROW_SIZE)
                0x00000000                ee_offset = (CY_APPL_LOADABLE && ! (CY_EE_IN_BTLDR))?((CY_EE_SIZE / CY_APPL_MAX) * (CY_APPL_NUM - 0x1)):0x0
                0x00000800                ee_size = (CY_APPL_LOADABLE && ! (CY_EE_IN_BTLDR))?(CY_EE_SIZE / CY_APPL_MAX):CY_EE_SIZE
                [!provide]                PROVIDE (CY_ECC_OFFSET, ecc_offset)

.text           0x00000000     0x2fea
 CREATE_OBJECT_SYMBOLS
                0x00000000                PROVIDE (__cy_interrupt_vector, RomVectors)
 *(.romvectors)
 .romvectors    0x00000000       0x10 .\CortexM3\ARM_GCC_541\Debug\Cm3Start.o
                0x00000000                RomVectors
                0x00000001                ASSERT ((. != __cy_interrupt_vector), No interrupt vector)
                0x00000001                ASSERT (CY_APPL_ORIGIN?(SIZEOF (.cybootloader) <= CY_APPL_ORIGIN):0x1, Wrong image location)
                0x00000010                PROVIDE (__cy_reset, Reset)
 *(.text.Reset)
 .text.Reset    0x00000010       0x18 .\CortexM3\ARM_GCC_541\Debug\Cm3Start.o
                0x00000010                Reset
                0x00000001                ASSERT ((. != __cy_reset), No reset code)
 *(.dma_init)
                0x00000001                ASSERT ((((appl_start + .) <= 0x10000) || 0x1), DMA Init must be within the first 64k of flash)
 *(.text .text.* .gnu.linkonce.t.*)
 .text          0x00000028       0x5c c:/program files (x86)/cypress/psoc creator/4.2/psoc creator/import/gnu/arm/5.4.1/bin/../lib/gcc/arm-none-eabi/5.4.1/armv7-m/crtbegin.o
 .text._Z7Tester1v
                0x00000084       0x18 .\CortexM3\ARM_GCC_541\Debug\main.o
                0x00000084                Tester1()
 .text._Z19PowerSwitch_Handlerv
                0x0000009c       0x10 .\CortexM3\ARM_GCC_541\Debug\main.o
                0x0000009c                PowerSwitch_Handler()
 .text._Z20FollowSwitch_Handlerv
                0x000000ac       0x10 .\CortexM3\ARM_GCC_541\Debug\main.o
                0x000000ac                FollowSwitch_Handler()
 .text._Z17Control_timer_isrv
                0x000000bc       0x74 .\CortexM3\ARM_GCC_541\Debug\main.o
                0x000000bc                Control_timer_isr()
 .text._Z11isr_handlerv
                0x00000130       0x7c .\CortexM3\ARM_GCC_541\Debug\main.o
                0x00000130                isr_handler()
 .text._Z41__static_initialization_and_destruction_0ii
                0x000001ac       0x8c .\CortexM3\ARM_GCC_541\Debug\main.o
 .text.main     0x00000238      0x1fc .\CortexM3\ARM_GCC_541\Debug\main.o
                0x00000238                main
 .text._GLOBAL__sub_I_lul
                0x00000434       0x10 .\CortexM3\ARM_GCC_541\Debug\main.o
 .text._ZN6RpiSPIC2EP4GyroP15MotorController
                0x00000444       0x10 .\CortexM3\ARM_GCC_541\Debug\RpiSPI.o
                0x00000444                RpiSPI::RpiSPI(Gyro*, MotorController*)
                0x00000444                RpiSPI::RpiSPI(Gyro*, MotorController*)
 .text._ZN6RpiSPI12TransmitDataEh
                0x00000454       0x10 .\CortexM3\ARM_GCC_541\Debug\RpiSPI.o
                0x00000454                RpiSPI::TransmitData(unsigned char)
 .text._ZN6RpiSPI18handleByteReceivedEh
                0x00000464       0xc0 .\CortexM3\ARM_GCC_541\Debug\RpiSPI.o
                0x00000464                RpiSPI::handleByteReceived(unsigned char)
 .text._ZN6RpiSPI8ReadDataEv
                0x00000524       0x84 .\CortexM3\ARM_GCC_541\Debug\RpiSPI.o
                0x00000524                RpiSPI::ReadData()
 .text._ZN13PIDcontrollerD2Ev
                0x000005a8        0xc .\CortexM3\ARM_GCC_541\Debug\PIDcontroller.o
                0x000005a8                PIDcontroller::~PIDcontroller()
                0x000005a8                PIDcontroller::~PIDcontroller()
 .text._ZN13PIDcontroller12setReferenceEf
                0x000005b4        0x4 .\CortexM3\ARM_GCC_541\Debug\PIDcontroller.o
                0x000005b4                PIDcontroller::setReference(float)
 .text._ZN13PIDcontrollerC2EffffP15MotorController
                0x000005b8       0x30 .\CortexM3\ARM_GCC_541\Debug\PIDcontroller.o
                0x000005b8                PIDcontroller::PIDcontroller(float, float, float, float, MotorController*)
                0x000005b8                PIDcontroller::PIDcontroller(float, float, float, float, MotorController*)
 .text._ZN13PIDcontroller14calculateErrorEf
                0x000005e8       0x10 .\CortexM3\ARM_GCC_541\Debug\PIDcontroller.o
                0x000005e8                PIDcontroller::calculateError(float)
 .text._ZN13PIDcontroller16calculateControlEff
                0x000005f8       0xd4 .\CortexM3\ARM_GCC_541\Debug\PIDcontroller.o
                0x000005f8                PIDcontroller::calculateControl(float, float)
 .text._ZN15MotorControllerC2Ev
                0x000006cc       0x1c .\CortexM3\ARM_GCC_541\Debug\MotorController.o
                0x000006cc                MotorController::MotorController()
                0x000006cc                MotorController::MotorController()
 .text._ZN15MotorControllerD2Ev
                0x000006e8        0x4 .\CortexM3\ARM_GCC_541\Debug\MotorController.o
                0x000006e8                MotorController::~MotorController()
                0x000006e8                MotorController::~MotorController()
 .text._ZNK15MotorController8getPowerEv
                0x000006ec        0x4 .\CortexM3\ARM_GCC_541\Debug\MotorController.o
                0x000006ec                MotorController::getPower() const
 .text._ZN15MotorController8setPowerEi
                0x000006f0       0x18 .\CortexM3\ARM_GCC_541\Debug\MotorController.o
                0x000006f0                MotorController::setPower(int)
 .text._ZNK15MotorController11getOldPowerEv
                0x00000708        0x4 .\CortexM3\ARM_GCC_541\Debug\MotorController.o
                0x00000708                MotorController::getOldPower() const
 .text._ZN15MotorController11setOldPowerEv
                0x0000070c        0x8 .\CortexM3\ARM_GCC_541\Debug\MotorController.o
                0x0000070c                MotorController::setOldPower()
 .text._ZN15MotorController10setLeftPWMEi
                0x00000714       0x18 .\CortexM3\ARM_GCC_541\Debug\MotorController.o
                0x00000714                MotorController::setLeftPWM(int)
 .text._ZN15MotorController11setRightPWMEi
                0x0000072c        0xc .\CortexM3\ARM_GCC_541\Debug\MotorController.o
                0x0000072c                MotorController::setRightPWM(int)
 .text._ZN15MotorController6setDirEb
                0x00000738       0x18 .\CortexM3\ARM_GCC_541\Debug\MotorController.o
                0x00000738                MotorController::setDir(bool)
 .text._ZN15MotorController9GoForwardEi
                0x00000750       0x34 .\CortexM3\ARM_GCC_541\Debug\MotorController.o
                0x00000750                MotorController::GoForward(int)
 .text._ZN15MotorController10GoBackwardEi
                0x00000784       0x34 .\CortexM3\ARM_GCC_541\Debug\MotorController.o
                0x00000784                MotorController::GoBackward(int)
 .text._ZN15MotorController9TurnRightEi
                0x000007b8       0x30 .\CortexM3\ARM_GCC_541\Debug\MotorController.o
                0x000007b8                MotorController::TurnRight(int)
 .text._ZN15MotorController8TurnLeftEi
                0x000007e8       0x30 .\CortexM3\ARM_GCC_541\Debug\MotorController.o
                0x000007e8                MotorController::TurnLeft(int)
 .text._ZN15MotorController7ControlEc
                0x00000818       0x7c .\CortexM3\ARM_GCC_541\Debug\MotorController.o
                0x00000818                MotorController::Control(char)
 .text._ZN8SwitchesC2Ev
                0x00000894        0x8 .\CortexM3\ARM_GCC_541\Debug\Switches.o
                0x00000894                Switches::Switches()
                0x00000894                Switches::Switches()
 .text._ZN8SwitchesD2Ev
                0x0000089c        0x4 .\CortexM3\ARM_GCC_541\Debug\Switches.o
                0x0000089c                Switches::~Switches()
                0x0000089c                Switches::~Switches()
 .text._ZNK8Switches15getSwitchStatusEc
                0x000008a0       0x24 .\CortexM3\ARM_GCC_541\Debug\Switches.o
                0x000008a0                Switches::getSwitchStatus(char) const
 .text._ZN8Switches15setSwitchStatusEc
                0x000008c4       0x28 .\CortexM3\ARM_GCC_541\Debug\Switches.o
                0x000008c4                Switches::setSwitchStatus(char)
 .text._ZN3LEDC2Ev
                0x000008ec        0xc .\CortexM3\ARM_GCC_541\Debug\LED.o
                0x000008ec                LED::LED()
                0x000008ec                LED::LED()
 .text._ZN3LED9turnOnLedEc
                0x000008f8       0x34 .\CortexM3\ARM_GCC_541\Debug\LED.o
                0x000008f8                LED::turnOnLed(char)
 .text._ZN3LED10turnOffLedEc
                0x0000092c       0x24 .\CortexM3\ARM_GCC_541\Debug\LED.o
                0x0000092c                LED::turnOffLed(char)
 .text._ZN3LED8blinkLedEc
                0x00000950       0x24 .\CortexM3\ARM_GCC_541\Debug\LED.o
                0x00000950                LED::blinkLed(char)
 .text._ZN11sensor_dataC2EP9gyro_dataP8acc_dataPf
                0x00000974        0xc .\CortexM3\ARM_GCC_541\Debug\GyroDefs.o
                0x00000974                sensor_data::sensor_data(gyro_data*, acc_data*, float*)
                0x00000974                sensor_data::sensor_data(gyro_data*, acc_data*, float*)
 .text._ZN3i2c10WriteBytesEhhhPh
                0x00000980       0x34 .\CortexM3\ARM_GCC_541\Debug\i2c.o
                0x00000980                i2c::WriteBytes(unsigned char, unsigned char, unsigned char, unsigned char*)
 .text._ZN3i2c9WriteByteEhhh
                0x000009b4       0x18 .\CortexM3\ARM_GCC_541\Debug\i2c.o
                0x000009b4                i2c::WriteByte(unsigned char, unsigned char, unsigned char)
 .text._ZN3i2c9ReadBytesEhhhPh
                0x000009cc       0x4c .\CortexM3\ARM_GCC_541\Debug\i2c.o
                0x000009cc                i2c::ReadBytes(unsigned char, unsigned char, unsigned char, unsigned char*)
 .text._Znwj    0x00000a18        0x8 .\CortexM3\ARM_GCC_541\Debug\Gyro.o
                0x00000a18                operator new(unsigned int)
 .text._ZN4Gyro8initGyroEv
                0x00000a20       0x50 .\CortexM3\ARM_GCC_541\Debug\Gyro.o
                0x00000a20                Gyro::initGyro()
 .text._ZN4GyroC2Ev
                0x00000a70       0x64 .\CortexM3\ARM_GCC_541\Debug\Gyro.o
                0x00000a70                Gyro::Gyro()
                0x00000a70                Gyro::Gyro()
 .text._ZN4Gyro10getAccDataEv
                0x00000ad4       0x88 .\CortexM3\ARM_GCC_541\Debug\Gyro.o
                0x00000ad4                Gyro::getAccData()
 .text._ZN4Gyro9hasFallenEv
                0x00000b5c       0x1c .\CortexM3\ARM_GCC_541\Debug\Gyro.o
                0x00000b5c                Gyro::hasFallen()
 .text._ZN3ToFC2Ev
                0x00000b78        0x8 .\CortexM3\ARM_GCC_541\Debug\ToF.o
                0x00000b78                ToF::ToF()
                0x00000b78                ToF::ToF()
 .text._ZN3ToF14setRightSensorEt
                0x00000b80        0x4 .\CortexM3\ARM_GCC_541\Debug\ToF.o
                0x00000b80                ToF::setRightSensor(unsigned short)
 .text._ZN3ToF12setMidSensorEt
                0x00000b84        0x4 .\CortexM3\ARM_GCC_541\Debug\ToF.o
                0x00000b84                ToF::setMidSensor(unsigned short)
 .text._ZN3ToF13setLeftSensorEt
                0x00000b88        0x4 .\CortexM3\ARM_GCC_541\Debug\ToF.o
                0x00000b88                ToF::setLeftSensor(unsigned short)
 .text._ZNK3ToF14getRightSensorEv
                0x00000b8c        0x4 .\CortexM3\ARM_GCC_541\Debug\ToF.o
                0x00000b8c                ToF::getRightSensor() const
 .text._ZNK3ToF13getLeftSensorEv
                0x00000b90        0x4 .\CortexM3\ARM_GCC_541\Debug\ToF.o
                0x00000b90                ToF::getLeftSensor() const
 .text._ZN3ToF10setCounterEh
                0x00000b94        0x8 .\CortexM3\ARM_GCC_541\Debug\ToF.o
                0x00000b94                ToF::setCounter(unsigned char)
 .text._ZN3ToF10handleByteEt
                0x00000b9c       0x8c .\CortexM3\ARM_GCC_541\Debug\ToF.o
                0x00000b9c                ToF::handleByte(unsigned short)
 .text.CyClockStartupError
                0x00000c28        0x4 .\CortexM3\ARM_GCC_541\Debug\cyfitter_cfg.o
 .text.cfg_write_bytes32
                0x00000c2c       0x34 .\CortexM3\ARM_GCC_541\Debug\cyfitter_cfg.o
 .text.AnalogSetDefault
                0x00000c60       0x28 .\CortexM3\ARM_GCC_541\Debug\cyfitter_cfg.o
 .text.CYMEMZERO
                0x00000c88        0xc .\CortexM3\ARM_GCC_541\Debug\cyfitter_cfg.o
 .text.ClockSetup
                0x00000c94      0x100 .\CortexM3\ARM_GCC_541\Debug\cyfitter_cfg.o
 .text.CYCONFIGCPY
                0x00000d94        0x8 .\CortexM3\ARM_GCC_541\Debug\cyfitter_cfg.o
 .text.cyfitter_cfg
                0x00000d9c      0x140 .\CortexM3\ARM_GCC_541\Debug\cyfitter_cfg.o
                0x00000d9c                cyfitter_cfg
 .text.IntDefaultHandler
                0x00000edc       0x10 .\CortexM3\ARM_GCC_541\Debug\Cm3Start.o
                0x00000edc                IntDefaultHandler
 .text._sbrk    0x00000eec       0x30 .\CortexM3\ARM_GCC_541\Debug\Cm3Start.o
                0x00000eec                _sbrk
 .text.Start_c  0x00000f1c       0x4c .\CortexM3\ARM_GCC_541\Debug\Cm3Start.o
                0x00000f1c                Start_c
 .text.initialize_psoc
                0x00000f68       0x68 .\CortexM3\ARM_GCC_541\Debug\Cm3Start.o
                0x00000f68                initialize_psoc
 .text.PWM_1_Enable
                0x00000fd0       0x10 .\CortexM3\ARM_GCC_541\Debug\Projekt_PSoC_Kode.a(PWM_1.o)
                0x00000fd0                PWM_1_Enable
 .text.PWM_1_WriteCounter
                0x00000fe0        0xc .\CortexM3\ARM_GCC_541\Debug\Projekt_PSoC_Kode.a(PWM_1.o)
                0x00000fe0                PWM_1_WriteCounter
 .text.PWM_1_WritePeriod
                0x00000fec        0xc .\CortexM3\ARM_GCC_541\Debug\Projekt_PSoC_Kode.a(PWM_1.o)
                0x00000fec                PWM_1_WritePeriod
 .text.PWM_1_WriteCompare1
                0x00000ff8        0xc .\CortexM3\ARM_GCC_541\Debug\Projekt_PSoC_Kode.a(PWM_1.o)
                0x00000ff8                PWM_1_WriteCompare1
 .text.PWM_1_WriteCompare2
                0x00001004        0xc .\CortexM3\ARM_GCC_541\Debug\Projekt_PSoC_Kode.a(PWM_1.o)
                0x00001004                PWM_1_WriteCompare2
 .text.PWM_1_SetInterruptMode
                0x00001010        0xc .\CortexM3\ARM_GCC_541\Debug\Projekt_PSoC_Kode.a(PWM_1.o)
                0x00001010                PWM_1_SetInterruptMode
 .text.PWM_1_ReadStatusRegister
                0x0000101c        0xc .\CortexM3\ARM_GCC_541\Debug\Projekt_PSoC_Kode.a(PWM_1.o)
                0x0000101c                PWM_1_ReadStatusRegister
 .text.PWM_1_ReadCapture
                0x00001028        0xc .\CortexM3\ARM_GCC_541\Debug\Projekt_PSoC_Kode.a(PWM_1.o)
                0x00001028                PWM_1_ReadCapture
 .text.PWM_1_ClearFIFO
                0x00001034       0x14 .\CortexM3\ARM_GCC_541\Debug\Projekt_PSoC_Kode.a(PWM_1.o)
                0x00001034                PWM_1_ClearFIFO
 .text.PWM_1_Init
                0x00001048       0x64 .\CortexM3\ARM_GCC_541\Debug\Projekt_PSoC_Kode.a(PWM_1.o)
                0x00001048                PWM_1_Init
 .text.PWM_1_Start
                0x000010ac       0x1c .\CortexM3\ARM_GCC_541\Debug\Projekt_PSoC_Kode.a(PWM_1.o)
                0x000010ac                PWM_1_Start
 .text.I2C_1_Init
                0x000010c8       0x68 .\CortexM3\ARM_GCC_541\Debug\Projekt_PSoC_Kode.a(I2C_1.o)
                0x000010c8                I2C_1_Init
 .text.I2C_1_Enable
                0x00001130       0x24 .\CortexM3\ARM_GCC_541\Debug\Projekt_PSoC_Kode.a(I2C_1.o)
                0x00001130                I2C_1_Enable
 .text.I2C_1_Start
                0x00001154       0x28 .\CortexM3\ARM_GCC_541\Debug\Projekt_PSoC_Kode.a(I2C_1.o)
                0x00001154                I2C_1_Start
 .text.I2C_1_ISR
                0x0000117c      0x2d0 .\CortexM3\ARM_GCC_541\Debug\Projekt_PSoC_Kode.a(I2C_1_INT.o)
                0x0000117c                I2C_1_ISR
 .text.I2C_1_MasterSendStart
                0x0000144c       0x80 .\CortexM3\ARM_GCC_541\Debug\Projekt_PSoC_Kode.a(I2C_1_MASTER.o)
                0x0000144c                I2C_1_MasterSendStart
 .text.I2C_1_MasterSendRestart
                0x000014cc       0x6c .\CortexM3\ARM_GCC_541\Debug\Projekt_PSoC_Kode.a(I2C_1_MASTER.o)
                0x000014cc                I2C_1_MasterSendRestart
 .text.I2C_1_MasterSendStop
                0x00001538       0x38 .\CortexM3\ARM_GCC_541\Debug\Projekt_PSoC_Kode.a(I2C_1_MASTER.o)
                0x00001538                I2C_1_MasterSendStop
 .text.I2C_1_MasterWriteByte
                0x00001570       0x58 .\CortexM3\ARM_GCC_541\Debug\Projekt_PSoC_Kode.a(I2C_1_MASTER.o)
                0x00001570                I2C_1_MasterWriteByte
 .text.I2C_1_MasterReadByte
                0x000015c8       0x58 .\CortexM3\ARM_GCC_541\Debug\Projekt_PSoC_Kode.a(I2C_1_MASTER.o)
                0x000015c8                I2C_1_MasterReadByte
 .text.CyHalt   0x00001620        0x4 .\CortexM3\ARM_GCC_541\Debug\Projekt_PSoC_Kode.a(CyLib.o)
                0x00001620                CyHalt
 .text.CyDelay  0x00001624       0x2c .\CortexM3\ARM_GCC_541\Debug\Projekt_PSoC_Kode.a(CyLib.o)
                0x00001624                CyDelay
 .text.CyIntSetVector
                0x00001650       0x28 .\CortexM3\ARM_GCC_541\Debug\Projekt_PSoC_Kode.a(CyLib.o)
                0x00001650                CyIntSetVector
 .text.CyIntSetPriority
                0x00001678       0x30 .\CortexM3\ARM_GCC_541\Debug\Projekt_PSoC_Kode.a(CyLib.o)
                0x00001678                CyIntSetPriority
 .text.UART_1_Init
                0x000016a8       0x44 .\CortexM3\ARM_GCC_541\Debug\Projekt_PSoC_Kode.a(UART_1.o)
                0x000016a8                UART_1_Init
 .text.UART_1_Enable
                0x000016ec       0x44 .\CortexM3\ARM_GCC_541\Debug\Projekt_PSoC_Kode.a(UART_1.o)
                0x000016ec                UART_1_Enable
 .text.UART_1_Start
                0x00001730       0x1c .\CortexM3\ARM_GCC_541\Debug\Projekt_PSoC_Kode.a(UART_1.o)
                0x00001730                UART_1_Start
 .text.UART_1_PutChar
                0x0000174c       0x18 .\CortexM3\ARM_GCC_541\Debug\Projekt_PSoC_Kode.a(UART_1.o)
                0x0000174c                UART_1_PutChar
 .text.UART_1_PutString
                0x00001764       0x24 .\CortexM3\ARM_GCC_541\Debug\Projekt_PSoC_Kode.a(UART_1.o)
                0x00001764                UART_1_PutString
 .text.UART_1_RXISR
                0x00001788       0x98 .\CortexM3\ARM_GCC_541\Debug\Projekt_PSoC_Kode.a(UART_1_INT.o)
                0x00001788                UART_1_RXISR
 .text.UART_1_IntClock_Start
                0x00001820       0x1c .\CortexM3\ARM_GCC_541\Debug\Projekt_PSoC_Kode.a(UART_1_IntClock.o)
                0x00001820                UART_1_IntClock_Start
 .text.SPIS_1_Enable
                0x0000183c       0x3c .\CortexM3\ARM_GCC_541\Debug\Projekt_PSoC_Kode.a(SPIS_1.o)
                0x0000183c                SPIS_1_Enable
 .text.SPIS_1_Stop
                0x00001878       0x30 .\CortexM3\ARM_GCC_541\Debug\Projekt_PSoC_Kode.a(SPIS_1.o)
                0x00001878                SPIS_1_Stop
 .text.SPIS_1_EnableRxInt
                0x000018a8        0xc .\CortexM3\ARM_GCC_541\Debug\Projekt_PSoC_Kode.a(SPIS_1.o)
                0x000018a8                SPIS_1_EnableRxInt
 .text.SPIS_1_DisableRxInt
                0x000018b4        0xc .\CortexM3\ARM_GCC_541\Debug\Projekt_PSoC_Kode.a(SPIS_1.o)
                0x000018b4                SPIS_1_DisableRxInt
 .text.SPIS_1_ReadTxStatus
                0x000018c0        0xc .\CortexM3\ARM_GCC_541\Debug\Projekt_PSoC_Kode.a(SPIS_1.o)
                0x000018c0                SPIS_1_ReadTxStatus
 .text.SPIS_1_ReadRxStatus
                0x000018cc       0x28 .\CortexM3\ARM_GCC_541\Debug\Projekt_PSoC_Kode.a(SPIS_1.o)
                0x000018cc                SPIS_1_ReadRxStatus
 .text.SPIS_1_ReadRxData
                0x000018f4       0x68 .\CortexM3\ARM_GCC_541\Debug\Projekt_PSoC_Kode.a(SPIS_1.o)
                0x000018f4                SPIS_1_ReadRxData
 .text.SPIS_1_GetRxBufferSize
                0x0000195c       0x58 .\CortexM3\ARM_GCC_541\Debug\Projekt_PSoC_Kode.a(SPIS_1.o)
                0x0000195c                SPIS_1_GetRxBufferSize
 .text.SPIS_1_ClearFIFO
                0x000019b4       0x4c .\CortexM3\ARM_GCC_541\Debug\Projekt_PSoC_Kode.a(SPIS_1.o)
                0x000019b4                SPIS_1_ClearFIFO
 .text.SPIS_1_Init
                0x00001a00       0x64 .\CortexM3\ARM_GCC_541\Debug\Projekt_PSoC_Kode.a(SPIS_1.o)
                0x00001a00                SPIS_1_Init
 .text.SPIS_1_Start
                0x00001a64       0x1c .\CortexM3\ARM_GCC_541\Debug\Projekt_PSoC_Kode.a(SPIS_1.o)
                0x00001a64                SPIS_1_Start
 .text.SPIS_1_RX_ISR
                0x00001a80       0xa4 .\CortexM3\ARM_GCC_541\Debug\Projekt_PSoC_Kode.a(SPIS_1_INT.o)
                0x00001a80                SPIS_1_RX_ISR
 .text.LED_PWM_Enable
                0x00001b24       0x10 .\CortexM3\ARM_GCC_541\Debug\Projekt_PSoC_Kode.a(LED_PWM.o)
                0x00001b24                LED_PWM_Enable
 .text.LED_PWM_WriteCounter
                0x00001b34        0xc .\CortexM3\ARM_GCC_541\Debug\Projekt_PSoC_Kode.a(LED_PWM.o)
                0x00001b34                LED_PWM_WriteCounter
 .text.LED_PWM_WritePeriod
                0x00001b40        0xc .\CortexM3\ARM_GCC_541\Debug\Projekt_PSoC_Kode.a(LED_PWM.o)
                0x00001b40                LED_PWM_WritePeriod
 .text.LED_PWM_WriteCompare1
                0x00001b4c        0xc .\CortexM3\ARM_GCC_541\Debug\Projekt_PSoC_Kode.a(LED_PWM.o)
                0x00001b4c                LED_PWM_WriteCompare1
 .text.LED_PWM_WriteCompare2
                0x00001b58        0xc .\CortexM3\ARM_GCC_541\Debug\Projekt_PSoC_Kode.a(LED_PWM.o)
                0x00001b58                LED_PWM_WriteCompare2
 .text.LED_PWM_SetInterruptMode
                0x00001b64        0xc .\CortexM3\ARM_GCC_541\Debug\Projekt_PSoC_Kode.a(LED_PWM.o)
                0x00001b64                LED_PWM_SetInterruptMode
 .text.LED_PWM_ReadStatusRegister
                0x00001b70        0xc .\CortexM3\ARM_GCC_541\Debug\Projekt_PSoC_Kode.a(LED_PWM.o)
                0x00001b70                LED_PWM_ReadStatusRegister
 .text.LED_PWM_ReadCapture
                0x00001b7c        0xc .\CortexM3\ARM_GCC_541\Debug\Projekt_PSoC_Kode.a(LED_PWM.o)
                0x00001b7c                LED_PWM_ReadCapture
 .text.LED_PWM_ClearFIFO
                0x00001b88       0x14 .\CortexM3\ARM_GCC_541\Debug\Projekt_PSoC_Kode.a(LED_PWM.o)
                0x00001b88                LED_PWM_ClearFIFO
 .text.LED_PWM_Init
                0x00001b9c       0x58 .\CortexM3\ARM_GCC_541\Debug\Projekt_PSoC_Kode.a(LED_PWM.o)
                0x00001b9c                LED_PWM_Init
 .text.LED_PWM_Start
                0x00001bf4       0x1c .\CortexM3\ARM_GCC_541\Debug\Projekt_PSoC_Kode.a(LED_PWM.o)
                0x00001bf4                LED_PWM_Start
 .text.LED_PWM_ReadCompare1
                0x00001c10        0xc .\CortexM3\ARM_GCC_541\Debug\Projekt_PSoC_Kode.a(LED_PWM.o)
                0x00001c10                LED_PWM_ReadCompare1
 .text.LED_PWM_ReadCompare2
                0x00001c1c        0xc .\CortexM3\ARM_GCC_541\Debug\Projekt_PSoC_Kode.a(LED_PWM.o)
                0x00001c1c                LED_PWM_ReadCompare2
 .text.Power_isr_SetVector
                0x00001c28        0xc .\CortexM3\ARM_GCC_541\Debug\Projekt_PSoC_Kode.a(Power_isr.o)
                0x00001c28                Power_isr_SetVector
 .text.Power_isr_SetPriority
                0x00001c34       0x10 .\CortexM3\ARM_GCC_541\Debug\Projekt_PSoC_Kode.a(Power_isr.o)
                0x00001c34                Power_isr_SetPriority
 .text.Power_isr_Enable
                0x00001c44        0xc .\CortexM3\ARM_GCC_541\Debug\Projekt_PSoC_Kode.a(Power_isr.o)
                0x00001c44                Power_isr_Enable
 .text.Power_isr_Disable
                0x00001c50        0xc .\CortexM3\ARM_GCC_541\Debug\Projekt_PSoC_Kode.a(Power_isr.o)
                0x00001c50                Power_isr_Disable
 .text.Power_isr_StartEx
                0x00001c5c       0x1c .\CortexM3\ARM_GCC_541\Debug\Projekt_PSoC_Kode.a(Power_isr.o)
                0x00001c5c                Power_isr_StartEx
 .text.Follow_isr_SetVector
                0x00001c78        0xc .\CortexM3\ARM_GCC_541\Debug\Projekt_PSoC_Kode.a(Follow_isr.o)
                0x00001c78                Follow_isr_SetVector
 .text.Follow_isr_SetPriority
                0x00001c84       0x10 .\CortexM3\ARM_GCC_541\Debug\Projekt_PSoC_Kode.a(Follow_isr.o)
                0x00001c84                Follow_isr_SetPriority
 .text.Follow_isr_Enable
                0x00001c94        0xc .\CortexM3\ARM_GCC_541\Debug\Projekt_PSoC_Kode.a(Follow_isr.o)
                0x00001c94                Follow_isr_Enable
 .text.Follow_isr_Disable
                0x00001ca0        0xc .\CortexM3\ARM_GCC_541\Debug\Projekt_PSoC_Kode.a(Follow_isr.o)
                0x00001ca0                Follow_isr_Disable
 .text.Follow_isr_StartEx
                0x00001cac       0x1c .\CortexM3\ARM_GCC_541\Debug\Projekt_PSoC_Kode.a(Follow_isr.o)
                0x00001cac                Follow_isr_StartEx
 .text.SPIS_Enable
                0x00001cc8       0x30 .\CortexM3\ARM_GCC_541\Debug\Projekt_PSoC_Kode.a(SPIS.o)
                0x00001cc8                SPIS_Enable
 .text.SPIS_ReadTxStatus
                0x00001cf8        0xc .\CortexM3\ARM_GCC_541\Debug\Projekt_PSoC_Kode.a(SPIS.o)
                0x00001cf8                SPIS_ReadTxStatus
 .text.SPIS_ReadRxStatus
                0x00001d04        0xc .\CortexM3\ARM_GCC_541\Debug\Projekt_PSoC_Kode.a(SPIS.o)
                0x00001d04                SPIS_ReadRxStatus
 .text.SPIS_WriteTxData
                0x00001d10       0x18 .\CortexM3\ARM_GCC_541\Debug\Projekt_PSoC_Kode.a(SPIS.o)
                0x00001d10                SPIS_WriteTxData
 .text.SPIS_ReadRxData
                0x00001d28        0xc .\CortexM3\ARM_GCC_541\Debug\Projekt_PSoC_Kode.a(SPIS.o)
                0x00001d28                SPIS_ReadRxData
 .text.SPIS_GetRxBufferSize
                0x00001d34       0x18 .\CortexM3\ARM_GCC_541\Debug\Projekt_PSoC_Kode.a(SPIS.o)
                0x00001d34                SPIS_GetRxBufferSize
 .text.SPIS_ClearTxBuffer
                0x00001d4c       0x24 .\CortexM3\ARM_GCC_541\Debug\Projekt_PSoC_Kode.a(SPIS.o)
                0x00001d4c                SPIS_ClearTxBuffer
 .text.SPIS_ClearFIFO
                0x00001d70       0x3c .\CortexM3\ARM_GCC_541\Debug\Projekt_PSoC_Kode.a(SPIS.o)
                0x00001d70                SPIS_ClearFIFO
 .text.SPIS_Init
                0x00001dac       0x28 .\CortexM3\ARM_GCC_541\Debug\Projekt_PSoC_Kode.a(SPIS.o)
                0x00001dac                SPIS_Init
 .text.SPIS_Start
                0x00001dd4       0x1c .\CortexM3\ARM_GCC_541\Debug\Projekt_PSoC_Kode.a(SPIS.o)
                0x00001dd4                SPIS_Start
 .text.isr_1_SetVector
                0x00001df0        0xc .\CortexM3\ARM_GCC_541\Debug\Projekt_PSoC_Kode.a(isr_1.o)
                0x00001df0                isr_1_SetVector
 .text.isr_1_SetPriority
                0x00001dfc       0x10 .\CortexM3\ARM_GCC_541\Debug\Projekt_PSoC_Kode.a(isr_1.o)
                0x00001dfc                isr_1_SetPriority
 .text.isr_1_Enable
                0x00001e0c        0xc .\CortexM3\ARM_GCC_541\Debug\Projekt_PSoC_Kode.a(isr_1.o)
                0x00001e0c                isr_1_Enable
 .text.isr_1_Disable
                0x00001e18        0xc .\CortexM3\ARM_GCC_541\Debug\Projekt_PSoC_Kode.a(isr_1.o)
                0x00001e18                isr_1_Disable
 .text.isr_1_StartEx
                0x00001e24       0x1c .\CortexM3\ARM_GCC_541\Debug\Projekt_PSoC_Kode.a(isr_1.o)
                0x00001e24                isr_1_StartEx
 .text.Forward_ORANGE_Write
                0x00001e40       0x18 .\CortexM3\ARM_GCC_541\Debug\Projekt_PSoC_Kode.a(Forward_ORANGE.o)
                0x00001e40                Forward_ORANGE_Write
 .text.Backward_GUL_Write
                0x00001e58       0x18 .\CortexM3\ARM_GCC_541\Debug\Projekt_PSoC_Kode.a(Backward_GUL.o)
                0x00001e58                Backward_GUL_Write
 .text.Timer_1_Enable
                0x00001e70       0x28 .\CortexM3\ARM_GCC_541\Debug\Projekt_PSoC_Kode.a(Timer_1.o)
                0x00001e70                Timer_1_Enable
 .text.Timer_1_Stop
                0x00001e98       0x28 .\CortexM3\ARM_GCC_541\Debug\Projekt_PSoC_Kode.a(Timer_1.o)
                0x00001e98                Timer_1_Stop
 .text.Timer_1_SetInterruptMode
                0x00001ec0        0xc .\CortexM3\ARM_GCC_541\Debug\Projekt_PSoC_Kode.a(Timer_1.o)
                0x00001ec0                Timer_1_SetInterruptMode
 .text.Timer_1_WritePeriod
                0x00001ecc        0xc .\CortexM3\ARM_GCC_541\Debug\Projekt_PSoC_Kode.a(Timer_1.o)
                0x00001ecc                Timer_1_WritePeriod
 .text.Timer_1_WriteCounter
                0x00001ed8        0xc .\CortexM3\ARM_GCC_541\Debug\Projekt_PSoC_Kode.a(Timer_1.o)
                0x00001ed8                Timer_1_WriteCounter
 .text.Timer_1_Init
                0x00001ee4       0x68 .\CortexM3\ARM_GCC_541\Debug\Projekt_PSoC_Kode.a(Timer_1.o)
                0x00001ee4                Timer_1_Init
 .text.Timer_1_Start
                0x00001f4c       0x1c .\CortexM3\ARM_GCC_541\Debug\Projekt_PSoC_Kode.a(Timer_1.o)
                0x00001f4c                Timer_1_Start
 .text.Motor_timer_isr_SetVector
                0x00001f68        0xc .\CortexM3\ARM_GCC_541\Debug\Projekt_PSoC_Kode.a(Motor_timer_isr.o)
                0x00001f68                Motor_timer_isr_SetVector
 .text.Motor_timer_isr_SetPriority
                0x00001f74       0x10 .\CortexM3\ARM_GCC_541\Debug\Projekt_PSoC_Kode.a(Motor_timer_isr.o)
                0x00001f74                Motor_timer_isr_SetPriority
 .text.Motor_timer_isr_Enable
                0x00001f84        0xc .\CortexM3\ARM_GCC_541\Debug\Projekt_PSoC_Kode.a(Motor_timer_isr.o)
                0x00001f84                Motor_timer_isr_Enable
 .text.Motor_timer_isr_Disable
                0x00001f90        0xc .\CortexM3\ARM_GCC_541\Debug\Projekt_PSoC_Kode.a(Motor_timer_isr.o)
                0x00001f90                Motor_timer_isr_Disable
 .text.Motor_timer_isr_StartEx
                0x00001f9c       0x1c .\CortexM3\ARM_GCC_541\Debug\Projekt_PSoC_Kode.a(Motor_timer_isr.o)
                0x00001f9c                Motor_timer_isr_StartEx
 .text.Timer_2_Enable
                0x00001fb8       0x28 .\CortexM3\ARM_GCC_541\Debug\Projekt_PSoC_Kode.a(Timer_2.o)
                0x00001fb8                Timer_2_Enable
 .text.Timer_2_SetInterruptMode
                0x00001fe0        0xc .\CortexM3\ARM_GCC_541\Debug\Projekt_PSoC_Kode.a(Timer_2.o)
                0x00001fe0                Timer_2_SetInterruptMode
 .text.Timer_2_WritePeriod
                0x00001fec        0xc .\CortexM3\ARM_GCC_541\Debug\Projekt_PSoC_Kode.a(Timer_2.o)
                0x00001fec                Timer_2_WritePeriod
 .text.Timer_2_WriteCounter
                0x00001ff8        0xc .\CortexM3\ARM_GCC_541\Debug\Projekt_PSoC_Kode.a(Timer_2.o)
                0x00001ff8                Timer_2_WriteCounter
 .text.Timer_2_Init
                0x00002004       0x68 .\CortexM3\ARM_GCC_541\Debug\Projekt_PSoC_Kode.a(Timer_2.o)
                0x00002004                Timer_2_Init
 .text.Timer_2_Start
                0x0000206c       0x1c .\CortexM3\ARM_GCC_541\Debug\Projekt_PSoC_Kode.a(Timer_2.o)
                0x0000206c                Timer_2_Start
 .text.Tester_SetVector
                0x00002088        0xc .\CortexM3\ARM_GCC_541\Debug\Projekt_PSoC_Kode.a(Tester.o)
                0x00002088                Tester_SetVector
 .text.Tester_SetPriority
                0x00002094       0x10 .\CortexM3\ARM_GCC_541\Debug\Projekt_PSoC_Kode.a(Tester.o)
                0x00002094                Tester_SetPriority
 .text.Tester_Enable
                0x000020a4        0xc .\CortexM3\ARM_GCC_541\Debug\Projekt_PSoC_Kode.a(Tester.o)
                0x000020a4                Tester_Enable
 .text.Tester_Disable
                0x000020b0        0xc .\CortexM3\ARM_GCC_541\Debug\Projekt_PSoC_Kode.a(Tester.o)
                0x000020b0                Tester_Disable
 .text.Tester_StartEx
                0x000020bc       0x1c .\CortexM3\ARM_GCC_541\Debug\Projekt_PSoC_Kode.a(Tester.o)
                0x000020bc                Tester_StartEx
 .text          0x000020d8       0x20 .\CortexM3\ARM_GCC_541\Debug\Projekt_PSoC_Kode.a(CyBootAsmGnu.o)
                0x000020d8                CyDelayCycles
                0x000020e8                CyEnterCriticalSection
                0x000020f0                CyExitCriticalSection
 .text          0x000020f8      0x21c c:/program files (x86)/cypress/psoc creator/4.2/psoc creator/import/gnu/arm/5.4.1/bin/../lib/gcc/arm-none-eabi/5.4.1/armv7-m\libgcc.a(_arm_addsubsf3.o)
                0x000020f8                __aeabi_frsub
                0x00002100                __subsf3
                0x00002100                __aeabi_fsub
                0x00002104                __aeabi_fadd
                0x00002104                __addsf3
                0x00002264                __aeabi_ui2f
                0x00002264                __floatunsisf
                0x0000226c                __aeabi_i2f
                0x0000226c                __floatsisf
                0x00002288                __aeabi_ul2f
                0x00002288                __floatundisf
                0x00002298                __aeabi_l2f
                0x00002298                __floatdisf
 .text          0x00002314      0x2a0 c:/program files (x86)/cypress/psoc creator/4.2/psoc creator/import/gnu/arm/5.4.1/bin/../lib/gcc/arm-none-eabi/5.4.1/armv7-m\libgcc.a(_arm_muldivsf3.o)
                0x00002314                __mulsf3
                0x00002314                __aeabi_fmul
                0x0000247c                __aeabi_fdiv
                0x0000247c                __divsf3
 .text          0x000025b4       0xec c:/program files (x86)/cypress/psoc creator/4.2/psoc creator/import/gnu/arm/5.4.1/bin/../lib/gcc/arm-none-eabi/5.4.1/armv7-m\libgcc.a(_arm_cmpsf2.o)
                0x000025b4                __gesf2
                0x000025b4                __gtsf2
                0x000025bc                __lesf2
                0x000025bc                __ltsf2
                0x000025c4                __nesf2
                0x000025c4                __eqsf2
                0x000025c4                __cmpsf2
                0x00002624                __aeabi_cfrcmple
                0x0000262c                __aeabi_cfcmpeq
                0x0000262c                __aeabi_cfcmple
                0x0000263c                __aeabi_fcmpeq
                0x00002650                __aeabi_fcmplt
                0x00002664                __aeabi_fcmple
                0x00002678                __aeabi_fcmpge
                0x0000268c                __aeabi_fcmpgt
 .text          0x000026a0       0x4c c:/program files (x86)/cypress/psoc creator/4.2/psoc creator/import/gnu/arm/5.4.1/bin/../lib/gcc/arm-none-eabi/5.4.1/armv7-m\libgcc.a(_arm_fixsfsi.o)
                0x000026a0                __aeabi_f2iz
                0x000026a0                __fixsfsi
 .text.__aeabi_atexit
                0x000026ec        0xa c:/program files (x86)/cypress/psoc creator/4.2/psoc creator/import/gnu/arm/5.4.1/bin/../lib/gcc/arm-none-eabi/5.4.1/../../../../arm-none-eabi/lib/armv7-m\libg_nano.a(lib_a-aeabi_atexit.o)
                0x000026ec                __aeabi_atexit
 *fill*         0x000026f6        0x2 
 .text.__cxa_atexit
                0x000026f8       0x1c c:/program files (x86)/cypress/psoc creator/4.2/psoc creator/import/gnu/arm/5.4.1/bin/../lib/gcc/arm-none-eabi/5.4.1/../../../../arm-none-eabi/lib/armv7-m\libg_nano.a(lib_a-cxa_atexit.o)
                0x000026f8                __cxa_atexit
 .text.__errno  0x00002714        0xc c:/program files (x86)/cypress/psoc creator/4.2/psoc creator/import/gnu/arm/5.4.1/bin/../lib/gcc/arm-none-eabi/5.4.1/../../../../arm-none-eabi/lib/armv7-m\libg_nano.a(lib_a-errno.o)
                0x00002714                __errno
 .text.__libc_init_array
                0x00002720       0x4c c:/program files (x86)/cypress/psoc creator/4.2/psoc creator/import/gnu/arm/5.4.1/bin/../lib/gcc/arm-none-eabi/5.4.1/../../../../arm-none-eabi/lib/armv7-m\libg_nano.a(lib_a-init.o)
                0x00002720                __libc_init_array
 .text.malloc   0x0000276c       0x10 c:/program files (x86)/cypress/psoc creator/4.2/psoc creator/import/gnu/arm/5.4.1/bin/../lib/gcc/arm-none-eabi/5.4.1/../../../../arm-none-eabi/lib/armv7-m\libg_nano.a(lib_a-malloc.o)
                0x0000276c                malloc
 .text.memcpy   0x0000277c       0x16 c:/program files (x86)/cypress/psoc creator/4.2/psoc creator/import/gnu/arm/5.4.1/bin/../lib/gcc/arm-none-eabi/5.4.1/../../../../arm-none-eabi/lib/armv7-m\libg_nano.a(lib_a-memcpy-stub.o)
                0x0000277c                memcpy
 .text.memset   0x00002792       0x10 c:/program files (x86)/cypress/psoc creator/4.2/psoc creator/import/gnu/arm/5.4.1/bin/../lib/gcc/arm-none-eabi/5.4.1/../../../../arm-none-eabi/lib/armv7-m\libg_nano.a(lib_a-memset.o)
                0x00002792                memset
 *fill*         0x000027a2        0x2 
 .text._free_r  0x000027a4       0x98 c:/program files (x86)/cypress/psoc creator/4.2/psoc creator/import/gnu/arm/5.4.1/bin/../lib/gcc/arm-none-eabi/5.4.1/../../../../arm-none-eabi/lib/armv7-m\libg_nano.a(lib_a-nano-freer.o)
                0x000027a4                _free_r
 .text._malloc_r
                0x0000283c       0xbc c:/program files (x86)/cypress/psoc creator/4.2/psoc creator/import/gnu/arm/5.4.1/bin/../lib/gcc/arm-none-eabi/5.4.1/../../../../arm-none-eabi/lib/armv7-m\libg_nano.a(lib_a-nano-mallocr.o)
                0x0000283c                _malloc_r
 .text._sbrk_r  0x000028f8       0x20 c:/program files (x86)/cypress/psoc creator/4.2/psoc creator/import/gnu/arm/5.4.1/bin/../lib/gcc/arm-none-eabi/5.4.1/../../../../arm-none-eabi/lib/armv7-m\libg_nano.a(lib_a-sbrkr.o)
                0x000028f8                _sbrk_r
 .text.sprintf  0x00002918       0x48 c:/program files (x86)/cypress/psoc creator/4.2/psoc creator/import/gnu/arm/5.4.1/bin/../lib/gcc/arm-none-eabi/5.4.1/../../../../arm-none-eabi/lib/armv7-m\libg_nano.a(lib_a-sprintf.o)
                0x00002918                siprintf
                0x00002918                sprintf
 .text.__malloc_lock
                0x00002960        0x2 c:/program files (x86)/cypress/psoc creator/4.2/psoc creator/import/gnu/arm/5.4.1/bin/../lib/gcc/arm-none-eabi/5.4.1/../../../../arm-none-eabi/lib/armv7-m\libg_nano.a(lib_a-mlock.o)
                0x00002960                __malloc_lock
 .text.__malloc_unlock
                0x00002962        0x2 c:/program files (x86)/cypress/psoc creator/4.2/psoc creator/import/gnu/arm/5.4.1/bin/../lib/gcc/arm-none-eabi/5.4.1/../../../../arm-none-eabi/lib/armv7-m\libg_nano.a(lib_a-mlock.o)
                0x00002962                __malloc_unlock
 .text.__ssputs_r
                0x00002964       0xb2 c:/program files (x86)/cypress/psoc creator/4.2/psoc creator/import/gnu/arm/5.4.1/bin/../lib/gcc/arm-none-eabi/5.4.1/../../../../arm-none-eabi/lib/armv7-m\libg_nano.a(lib_a-nano-svfprintf.o)
                0x00002964                __ssputs_r
 *fill*         0x00002a16        0x2 
 .text._svfprintf_r
                0x00002a18      0x1e8 c:/program files (x86)/cypress/psoc creator/4.2/psoc creator/import/gnu/arm/5.4.1/bin/../lib/gcc/arm-none-eabi/5.4.1/../../../../arm-none-eabi/lib/armv7-m\libg_nano.a(lib_a-nano-svfprintf.o)
                0x00002a18                _svfiprintf_r
                0x00002a18                _svfprintf_r
 .text._printf_common
                0x00002c00       0xec c:/program files (x86)/cypress/psoc creator/4.2/psoc creator/import/gnu/arm/5.4.1/bin/../lib/gcc/arm-none-eabi/5.4.1/../../../../arm-none-eabi/lib/armv7-m\libg_nano.a(lib_a-nano-vfprintf_i.o)
                0x00002c00                _printf_common
 .text._printf_i
                0x00002cec      0x24c c:/program files (x86)/cypress/psoc creator/4.2/psoc creator/import/gnu/arm/5.4.1/bin/../lib/gcc/arm-none-eabi/5.4.1/../../../../arm-none-eabi/lib/armv7-m\libg_nano.a(lib_a-nano-vfprintf_i.o)
                0x00002cec                _printf_i
 .text.memchr   0x00002f38       0x1c c:/program files (x86)/cypress/psoc creator/4.2/psoc creator/import/gnu/arm/5.4.1/bin/../lib/gcc/arm-none-eabi/5.4.1/../../../../arm-none-eabi/lib/armv7-m\libg_nano.a(lib_a-memchr-stub.o)
                0x00002f38                memchr
 .text.memmove  0x00002f54       0x36 c:/program files (x86)/cypress/psoc creator/4.2/psoc creator/import/gnu/arm/5.4.1/bin/../lib/gcc/arm-none-eabi/5.4.1/../../../../arm-none-eabi/lib/armv7-m\libg_nano.a(lib_a-memmove.o)
                0x00002f54                memmove
 .text._realloc_r
                0x00002f8a       0x4c c:/program files (x86)/cypress/psoc creator/4.2/psoc creator/import/gnu/arm/5.4.1/bin/../lib/gcc/arm-none-eabi/5.4.1/../../../../arm-none-eabi/lib/armv7-m\libg_nano.a(lib_a-nano-reallocr.o)
                0x00002f8a                _realloc_r
 .text._malloc_usable_size_r
                0x00002fd6       0x14 c:/program files (x86)/cypress/psoc creator/4.2/psoc creator/import/gnu/arm/5.4.1/bin/../lib/gcc/arm-none-eabi/5.4.1/../../../../arm-none-eabi/lib/armv7-m\libg_nano.a(lib_a-nano-msizer.o)
                0x00002fd6                _malloc_usable_size_r
 *(.plt)
 *(.gnu.warning)
 *(.glue_7t)
 .glue_7t       0x00002fea        0x0 linker stubs
 *(.glue_7)
 .glue_7        0x00002fea        0x0 linker stubs
 *(.vfp11_veneer)
 .vfp11_veneer  0x00002fea        0x0 linker stubs
 *(.bootloader)
 *(.ARM.extab* .gnu.linkonce.armextab.*)
 *(.gcc_except_table)

.v4_bx          0x00002fec        0x0
 .v4_bx         0x00002fec        0x0 linker stubs

.iplt           0x00002fec        0x0
 .iplt          0x00002fec        0x0 c:/program files (x86)/cypress/psoc creator/4.2/psoc creator/import/gnu/arm/5.4.1/bin/../lib/gcc/arm-none-eabi/5.4.1/armv7-m/crtbegin.o

.eh_frame_hdr
 *(.eh_frame_hdr)

.eh_frame       0x00002fec        0x4
 *(.eh_frame)
 .eh_frame      0x00002fec        0x0 c:/program files (x86)/cypress/psoc creator/4.2/psoc creator/import/gnu/arm/5.4.1/bin/../lib/gcc/arm-none-eabi/5.4.1/armv7-m/crtbegin.o
 .eh_frame      0x00002fec        0x4 c:/program files (x86)/cypress/psoc creator/4.2/psoc creator/import/gnu/arm/5.4.1/bin/../lib/gcc/arm-none-eabi/5.4.1/armv7-m/crtend.o
                [!provide]                PROVIDE (__exidx_start, .)

.ARM.exidx
 *(.ARM.exidx* .gnu.linkonce.armexidx.*)
                0x00002ff0                __exidx_end = .

.rodata         0x00002ff0      0x100
 *(.rodata .rodata.* .gnu.linkonce.r.*)
 .rodata.str1.4
                0x00002ff0        0x6 .\CortexM3\ARM_GCC_541\Debug\main.o
 *fill*         0x00002ff6        0x2 
 .rodata.str1.4
                0x00002ff8       0x48 .\CortexM3\ARM_GCC_541\Debug\ToF.o
                                 0x46 (size before relaxing)
 .rodata        0x00003040       0x42 .\CortexM3\ARM_GCC_541\Debug\cyfitter_cfg.o
 .rodata.str1.1
                0x00003082        0x2 c:/program files (x86)/cypress/psoc creator/4.2/psoc creator/import/gnu/arm/5.4.1/bin/../lib/gcc/arm-none-eabi/5.4.1/../../../../arm-none-eabi/lib/armv7-m\libg_nano.a(lib_a-impure.o)
 .rodata.str1.1
                0x00003084       0x11 c:/program files (x86)/cypress/psoc creator/4.2/psoc creator/import/gnu/arm/5.4.1/bin/../lib/gcc/arm-none-eabi/5.4.1/../../../../arm-none-eabi/lib/armv7-m\libg_nano.a(lib_a-nano-svfprintf.o)
 .rodata.str1.1
                0x00003095       0x22 c:/program files (x86)/cypress/psoc creator/4.2/psoc creator/import/gnu/arm/5.4.1/bin/../lib/gcc/arm-none-eabi/5.4.1/../../../../arm-none-eabi/lib/armv7-m\libg_nano.a(lib_a-nano-vfprintf_i.o)
                0x000030b8                . = ALIGN (0x4)
 *fill*         0x000030b7        0x1 
 *(.init)
 .init          0x000030b8        0x4 c:/program files (x86)/cypress/psoc creator/4.2/psoc creator/import/gnu/arm/5.4.1/bin/../lib/gcc/arm-none-eabi/5.4.1/armv7-m/crti.o
                0x000030b8                _init
 .init          0x000030bc        0x8 c:/program files (x86)/cypress/psoc creator/4.2/psoc creator/import/gnu/arm/5.4.1/bin/../lib/gcc/arm-none-eabi/5.4.1/armv7-m/crtn.o
                0x000030c4                . = ALIGN (0x4)
                0x000030c4                __preinit_array_start = .
 *(.preinit_array)
                0x000030c4                __preinit_array_end = .
                0x000030c4                . = ALIGN (0x4)
                0x000030c4                __init_array_start = .
 *(SORT(.init_array.*))
 *(.init_array)
 .init_array    0x000030c4        0x4 c:/program files (x86)/cypress/psoc creator/4.2/psoc creator/import/gnu/arm/5.4.1/bin/../lib/gcc/arm-none-eabi/5.4.1/armv7-m/crtbegin.o
 .init_array    0x000030c8        0x4 .\CortexM3\ARM_GCC_541\Debug\main.o
 .init_array    0x000030cc        0x4 .\CortexM3\ARM_GCC_541\Debug\Cm3Start.o
                0x000030d0                __init_array_end = .
                0x000030d0                . = ALIGN (0x4)
 *(.fini)
 .fini          0x000030d0        0x4 c:/program files (x86)/cypress/psoc creator/4.2/psoc creator/import/gnu/arm/5.4.1/bin/../lib/gcc/arm-none-eabi/5.4.1/armv7-m/crti.o
                0x000030d0                _fini
 .fini          0x000030d4        0x8 c:/program files (x86)/cypress/psoc creator/4.2/psoc creator/import/gnu/arm/5.4.1/bin/../lib/gcc/arm-none-eabi/5.4.1/armv7-m/crtn.o
                0x000030dc                . = ALIGN (0x4)
                0x000030dc                __fini_array_start = .
 *(.fini_array)
 .fini_array    0x000030dc        0x4 c:/program files (x86)/cypress/psoc creator/4.2/psoc creator/import/gnu/arm/5.4.1/bin/../lib/gcc/arm-none-eabi/5.4.1/armv7-m/crtbegin.o
 *(SORT(.fini_array.*))
                0x000030e0                __fini_array_end = .
                0x000030e0                . = ALIGN (0x4)
 *crtbegin.o(.ctors)
 *(EXCLUDE_FILE(*crtend.o) .ctors)
 *(SORT(.ctors.*))
 *crtend.o(.ctors)
                0x000030e0                . = ALIGN (0x4)
 *crtbegin.o(.dtors)
 *(EXCLUDE_FILE(*crtend.o) .dtors)
 *(SORT(.dtors.*))
 *crtend.o(.dtors)
                0x000030e0                . = ALIGN (0x4)
                0x000030e0                __cy_regions = .
                0x000030e0        0x4 LONG 0x30f0 __cy_region_init_ram
                0x000030e4        0x4 LONG 0x1fff80c8 __cy_region_start_data
                0x000030e8        0x4 LONG 0x80 __cy_region_init_size_ram
                0x000030ec        0x4 LONG 0x118 __cy_region_zero_size_ram
                0x000030f0                __cy_regions_end = .
                0x000030f0                . = ALIGN (0x8)
                0x000030f0                _etext = .

.cy_checksum_exclude
                0x000030f0        0x0
 *(.cy_checksum_exclude)

.ramvectors     0x1fff8000       0xc0
                0x1fff8000                __cy_region_start_ram = .
 *(.ramvectors)
 .ramvectors    0x1fff8000       0xc0 .\CortexM3\ARM_GCC_541\Debug\Cm3Start.o
                0x1fff8000                CyRamVectors

.noinit         0x1fff80c0        0x1
 *(.noinit)
 .noinit        0x1fff80c0        0x1 .\CortexM3\ARM_GCC_541\Debug\Projekt_PSoC_Kode.a(CyLib.o)
                0x1fff80c0                CyResetStatus

.data           0x1fff80c8       0x80 load address 0x000030f0
                0x1fff80c8                __cy_region_start_data = .
 *(.jcr)
 .jcr           0x1fff80c8        0x0 c:/program files (x86)/cypress/psoc creator/4.2/psoc creator/import/gnu/arm/5.4.1/bin/../lib/gcc/arm-none-eabi/5.4.1/armv7-m/crtbegin.o
 .jcr           0x1fff80c8        0x4 c:/program files (x86)/cypress/psoc creator/4.2/psoc creator/import/gnu/arm/5.4.1/bin/../lib/gcc/arm-none-eabi/5.4.1/armv7-m/crtend.o
 *(.got.plt)
 *(.got)
 *(.shdata)
 *(.data .data.* .gnu.linkonce.d.*)
 .data          0x1fff80cc        0x4 c:/program files (x86)/cypress/psoc creator/4.2/psoc creator/import/gnu/arm/5.4.1/bin/../lib/gcc/arm-none-eabi/5.4.1/armv7-m/crtbegin.o
                0x1fff80cc                __dso_handle
 .data          0x1fff80d0        0x4 .\CortexM3\ARM_GCC_541\Debug\Cm3Start.o
 .data          0x1fff80d4       0x10 .\CortexM3\ARM_GCC_541\Debug\Projekt_PSoC_Kode.a(CyLib.o)
                0x1fff80d4                cydelay_32k_ms
                0x1fff80d8                cydelay_freq_khz
                0x1fff80dc                cydelay_freq_mhz
                0x1fff80e0                cydelay_freq_hz
 .data.impure_data
                0x1fff80e4       0x60 c:/program files (x86)/cypress/psoc creator/4.2/psoc creator/import/gnu/arm/5.4.1/bin/../lib/gcc/arm-none-eabi/5.4.1/../../../../arm-none-eabi/lib/armv7-m\libg_nano.a(lib_a-impure.o)
 .data._impure_ptr
                0x1fff8144        0x4 c:/program files (x86)/cypress/psoc creator/4.2/psoc creator/import/gnu/arm/5.4.1/bin/../lib/gcc/arm-none-eabi/5.4.1/../../../../arm-none-eabi/lib/armv7-m\libg_nano.a(lib_a-impure.o)
                0x1fff8144                _impure_ptr
                0x1fff8148                . = ALIGN (0x8)
 *(.ram)
                0x1fff8148                _edata = .

.igot.plt       0x1fff8148        0x0 load address 0x00003170
 .igot.plt      0x1fff8148        0x0 c:/program files (x86)/cypress/psoc creator/4.2/psoc creator/import/gnu/arm/5.4.1/bin/../lib/gcc/arm-none-eabi/5.4.1/armv7-m/crtbegin.o

.bss            0x1fff8148      0x118 load address 0x00003170
                0x1fff8148                PROVIDE (__bss_start__, .)
 *(.shbss)
 *(.bss .bss.* .gnu.linkonce.b.*)
 .bss           0x1fff8148       0x1c c:/program files (x86)/cypress/psoc creator/4.2/psoc creator/import/gnu/arm/5.4.1/bin/../lib/gcc/arm-none-eabi/5.4.1/armv7-m/crtbegin.o
 .bss           0x1fff8164       0x9e .\CortexM3\ARM_GCC_541\Debug\main.o
                0x1fff8164                lul
                0x1fff8168                lul2
                0x1fff816c                Switchcontroller
                0x1fff8170                Motor
                0x1fff8188                obj
                0x1fff81c4                PIDcontrol
                0x1fff8200                Mode
                0x1fff8201                oldMode
 .bss           0x1fff8202        0x1 .\CortexM3\ARM_GCC_541\Debug\Projekt_PSoC_Kode.a(PWM_1.o)
                0x1fff8202                PWM_1_initVar
 .bss           0x1fff8203        0x1 .\CortexM3\ARM_GCC_541\Debug\Projekt_PSoC_Kode.a(I2C_1.o)
                0x1fff8203                I2C_1_initVar
 .bss           0x1fff8204        0x7 .\CortexM3\ARM_GCC_541\Debug\Projekt_PSoC_Kode.a(UART_1.o)
                0x1fff8204                UART_1_errorStatus
                0x1fff8205                UART_1_initVar
                0x1fff8206                UART_1_rxBufferRead
                0x1fff8207                UART_1_rxBufferWrite
                0x1fff8208                UART_1_rxBufferLoopDetect
                0x1fff8209                UART_1_rxBufferOverflow
 .bss           0x1fff820b        0x1 .\CortexM3\ARM_GCC_541\Debug\Projekt_PSoC_Kode.a(SPIS_1.o)
                0x1fff820b                SPIS_1_initVar
 .bss           0x1fff820c        0x1 .\CortexM3\ARM_GCC_541\Debug\Projekt_PSoC_Kode.a(LED_PWM.o)
                0x1fff820c                LED_PWM_initVar
 .bss           0x1fff820d        0x1 .\CortexM3\ARM_GCC_541\Debug\Projekt_PSoC_Kode.a(SPIS.o)
                0x1fff820d                SPIS_initVar
 .bss           0x1fff820e        0x1 .\CortexM3\ARM_GCC_541\Debug\Projekt_PSoC_Kode.a(Timer_1.o)
                0x1fff820e                Timer_1_initVar
 .bss           0x1fff820f        0x1 .\CortexM3\ARM_GCC_541\Debug\Projekt_PSoC_Kode.a(Timer_2.o)
                0x1fff820f                Timer_2_initVar
 .bss.__malloc_sbrk_start
                0x1fff8210        0x4 c:/program files (x86)/cypress/psoc creator/4.2/psoc creator/import/gnu/arm/5.4.1/bin/../lib/gcc/arm-none-eabi/5.4.1/../../../../arm-none-eabi/lib/armv7-m\libg_nano.a(lib_a-nano-mallocr.o)
                0x1fff8210                __malloc_sbrk_start
 .bss.__malloc_free_list
                0x1fff8214        0x4 c:/program files (x86)/cypress/psoc creator/4.2/psoc creator/import/gnu/arm/5.4.1/bin/../lib/gcc/arm-none-eabi/5.4.1/../../../../arm-none-eabi/lib/armv7-m\libg_nano.a(lib_a-nano-mallocr.o)
                0x1fff8214                __malloc_free_list
 *(COMMON)
 COMMON         0x1fff8218        0x1 .\CortexM3\ARM_GCC_541\Debug\Projekt_PSoC_Kode.a(I2C_1.o)
                0x1fff8218                I2C_1_state
 *fill*         0x1fff8219        0x3 
 COMMON         0x1fff821c       0x11 .\CortexM3\ARM_GCC_541\Debug\Projekt_PSoC_Kode.a(I2C_1_MASTER.o)
                0x1fff821c                I2C_1_mstrWrBufIndex
                0x1fff821d                I2C_1_mstrControl
                0x1fff821e                I2C_1_mstrStatus
                0x1fff821f                I2C_1_mstrWrBufSize
                0x1fff8220                I2C_1_mstrRdBufIndex
                0x1fff8224                I2C_1_mstrWrBufPtr
                0x1fff8228                I2C_1_mstrRdBufPtr
                0x1fff822c                I2C_1_mstrRdBufSize
 *fill*         0x1fff822d        0x3 
 COMMON         0x1fff8230       0x10 .\CortexM3\ARM_GCC_541\Debug\Projekt_PSoC_Kode.a(UART_1.o)
                0x1fff8230                UART_1_rxBuffer
 COMMON         0x1fff8240       0x15 .\CortexM3\ARM_GCC_541\Debug\Projekt_PSoC_Kode.a(SPIS_1.o)
                0x1fff8240                SPIS_1_rxBufferWrite
                0x1fff8241                SPIS_1_swStatusTx
                0x1fff8242                SPIS_1_swStatusRx
                0x1fff8243                SPIS_1_rxBufferFull
                0x1fff8244                SPIS_1_rxBuffer
                0x1fff8254                SPIS_1_rxBufferRead
 *fill*         0x1fff8255        0x3 
 COMMON         0x1fff8258        0x4 c:/program files (x86)/cypress/psoc creator/4.2/psoc creator/import/gnu/arm/5.4.1/bin/../lib/gcc/arm-none-eabi/5.4.1/../../../../arm-none-eabi/lib/armv7-m\libg_nano.a(lib_a-reent.o)
                0x1fff8258                errno
                0x1fff8260                . = ALIGN (0x8)
 *fill*         0x1fff825c        0x4 
 *(.ram.b)
                0x1fff8260                _end = .
                0x1fff8260                __end = .
                0x1fff8260                PROVIDE (end, .)
                0x1fff8260                PROVIDE (__bss_end__, .)
                0x000030f0                __cy_region_init_ram = LOADADDR (.data)
                0x00000080                __cy_region_init_size_ram = (_edata - ADDR (.data))
                0x00000118                __cy_region_zero_size_ram = (_end - _edata)

.heap           0x1fff8260       0x80 load address 0x00003170
                0x1fff8260                . = _end
                0x1fff82e0                . = (. + 0x80)
 *fill*         0x1fff8260       0x80 
                0x1fff82e0                __cy_heap_limit = .

.stack          0x20007800      0x800
                0x20007800                __cy_stack_limit = .
                0x20008000                . = (. + 0x800)
 *fill*         0x20007800      0x800 
                0x00000001                ASSERT ((__cy_stack_limit >= __cy_heap_limit), region RAM overflowed with stack)
                0x00000000                cy_checksum_exclude_size = (CY_APPL_LOADABLE == 0x1)?SIZEOF (.cy_checksum_exclude):0x0
                0x00000001                ASSERT ((cy_checksum_exclude_size <= CY_CHECKSUM_EXCLUDE_SIZE), CY_BOOT: Section .cy_checksum_exclude size exceedes specified limit.)

.cyloadermeta
 *(.cyloadermeta)

.cyloadablemeta
 *(.cyloadablemeta)

.cyconfigecc    0x80000000      0xadc
 *(.cyconfigecc)
 .cyconfigecc   0x80000000      0xadc .\CortexM3\ARM_GCC_541\Debug\cymetadata.o
                0x80000000                cy_meta_configecc

.cycustnvl      0x90000000        0x4
 *(.cycustnvl)
 .cycustnvl     0x90000000        0x4 .\CortexM3\ARM_GCC_541\Debug\cymetadata.o
                0x90000000                cy_meta_custnvl

.cywolatch      0x90100000        0x4
 *(.cywolatch)
 .cywolatch     0x90100000        0x4 .\CortexM3\ARM_GCC_541\Debug\cymetadata.o
                0x90100000                cy_meta_wonvl

.cyeeprom       0x90200000        0x0
 *(.cyeeprom)
                0x00000001                ASSERT ((. <= ((0x90200000 + ee_offset) + ee_size)), .cyeeprom data will not fit in EEPROM)

.cyflashprotect
                0x90400000      0x100
 *(.cyflashprotect)
 .cyflashprotect
                0x90400000      0x100 .\CortexM3\ARM_GCC_541\Debug\cymetadata.o
                0x90400000                cy_meta_flashprotect

.cymeta         0x90500000        0xc
 *(.cymeta)
 .cymeta        0x90500000        0xc .\CortexM3\ARM_GCC_541\Debug\cymetadata.o
                0x90500000                cy_metadata

.rel.dyn        0x00003170        0x0 load address 0x9050000c
 .rel.iplt      0x00003170        0x0 c:/program files (x86)/cypress/psoc creator/4.2/psoc creator/import/gnu/arm/5.4.1/bin/../lib/gcc/arm-none-eabi/5.4.1/armv7-m/crtbegin.o

.stab
 *(.stab)

.stabstr
 *(.stabstr)

.debug
 *(.debug)

.line
 *(.line)

.debug_srcinfo
 *(.debug_srcinfo)

.debug_sfnames
 *(.debug_sfnames)

.debug_aranges  0x00000000     0x1218
 *(.debug_aranges)
 .debug_aranges
                0x00000000       0x58 .\CortexM3\ARM_GCC_541\Debug\main.o
 .debug_aranges
                0x00000058       0x40 .\CortexM3\ARM_GCC_541\Debug\RpiSPI.o
 .debug_aranges
                0x00000098       0x48 .\CortexM3\ARM_GCC_541\Debug\PIDcontroller.o
 .debug_aranges
                0x000000e0       0xa0 .\CortexM3\ARM_GCC_541\Debug\MotorController.o
 .debug_aranges
                0x00000180       0x38 .\CortexM3\ARM_GCC_541\Debug\Switches.o
 .debug_aranges
                0x000001b8       0x40 .\CortexM3\ARM_GCC_541\Debug\LED.o
 .debug_aranges
                0x000001f8       0x20 .\CortexM3\ARM_GCC_541\Debug\GyroDefs.o
 .debug_aranges
                0x00000218       0x50 .\CortexM3\ARM_GCC_541\Debug\i2c.o
 .debug_aranges
                0x00000268       0x68 .\CortexM3\ARM_GCC_541\Debug\Gyro.o
 .debug_aranges
                0x000002d0       0x68 .\CortexM3\ARM_GCC_541\Debug\ToF.o
 .debug_aranges
                0x00000338       0x58 .\CortexM3\ARM_GCC_541\Debug\cyfitter_cfg.o
 .debug_aranges
                0x00000390       0x18 .\CortexM3\ARM_GCC_541\Debug\cymetadata.o
 .debug_aranges
                0x000003a8       0x48 .\CortexM3\ARM_GCC_541\Debug\Cm3Start.o
 .debug_aranges
                0x000003f0       0xa8 .\CortexM3\ARM_GCC_541\Debug\Projekt_PSoC_Kode.a(PWM_1.o)
 .debug_aranges
                0x00000498       0x38 .\CortexM3\ARM_GCC_541\Debug\Projekt_PSoC_Kode.a(I2C_1.o)
 .debug_aranges
                0x000004d0       0x20 .\CortexM3\ARM_GCC_541\Debug\Projekt_PSoC_Kode.a(I2C_1_INT.o)
 .debug_aranges
                0x000004f0       0x38 .\CortexM3\ARM_GCC_541\Debug\Projekt_PSoC_Kode.a(I2C_1_PM.o)
 .debug_aranges
                0x00000528       0x80 .\CortexM3\ARM_GCC_541\Debug\Projekt_PSoC_Kode.a(I2C_1_MASTER.o)
 .debug_aranges
                0x000005a8      0x2a0 .\CortexM3\ARM_GCC_541\Debug\Projekt_PSoC_Kode.a(CyLib.o)
 .debug_aranges
                0x00000848       0x98 .\CortexM3\ARM_GCC_541\Debug\Projekt_PSoC_Kode.a(cyPm.o)
 .debug_aranges
                0x000008e0       0xf0 .\CortexM3\ARM_GCC_541\Debug\Projekt_PSoC_Kode.a(UART_1.o)
 .debug_aranges
                0x000009d0       0x20 .\CortexM3\ARM_GCC_541\Debug\Projekt_PSoC_Kode.a(UART_1_INT.o)
 .debug_aranges
                0x000009f0       0x70 .\CortexM3\ARM_GCC_541\Debug\Projekt_PSoC_Kode.a(UART_1_IntClock.o)
 .debug_aranges
                0x00000a60       0xe0 .\CortexM3\ARM_GCC_541\Debug\Projekt_PSoC_Kode.a(SPIS_1.o)
 .debug_aranges
                0x00000b40       0x28 .\CortexM3\ARM_GCC_541\Debug\Projekt_PSoC_Kode.a(SPIS_1_INT.o)
 .debug_aranges
                0x00000b68       0xa8 .\CortexM3\ARM_GCC_541\Debug\Projekt_PSoC_Kode.a(LED_PWM.o)
 .debug_aranges
                0x00000c10       0x80 .\CortexM3\ARM_GCC_541\Debug\Projekt_PSoC_Kode.a(Power_isr.o)
 .debug_aranges
                0x00000c90       0x80 .\CortexM3\ARM_GCC_541\Debug\Projekt_PSoC_Kode.a(Follow_isr.o)
 .debug_aranges
                0x00000d10       0xe0 .\CortexM3\ARM_GCC_541\Debug\Projekt_PSoC_Kode.a(SPIS.o)
 .debug_aranges
                0x00000df0       0x80 .\CortexM3\ARM_GCC_541\Debug\Projekt_PSoC_Kode.a(isr_1.o)
 .debug_aranges
                0x00000e70       0x38 .\CortexM3\ARM_GCC_541\Debug\Projekt_PSoC_Kode.a(Forward_ORANGE.o)
 .debug_aranges
                0x00000ea8       0x38 .\CortexM3\ARM_GCC_541\Debug\Projekt_PSoC_Kode.a(Backward_GUL.o)
 .debug_aranges
                0x00000ee0       0x88 .\CortexM3\ARM_GCC_541\Debug\Projekt_PSoC_Kode.a(Timer_1.o)
 .debug_aranges
                0x00000f68       0x80 .\CortexM3\ARM_GCC_541\Debug\Projekt_PSoC_Kode.a(Motor_timer_isr.o)
 .debug_aranges
                0x00000fe8       0x88 .\CortexM3\ARM_GCC_541\Debug\Projekt_PSoC_Kode.a(Timer_2.o)
 .debug_aranges
                0x00001070       0x80 .\CortexM3\ARM_GCC_541\Debug\Projekt_PSoC_Kode.a(Tester.o)
 .debug_aranges
                0x000010f0       0x20 .\CortexM3\ARM_GCC_541\Debug\Projekt_PSoC_Kode.a(CyBootAsmGnu.o)
 .debug_aranges
                0x00001110       0x88 .\CortexM3\ARM_GCC_541\Debug\Projekt_PSoC_Kode.a(CyFlash.o)
 .debug_aranges
                0x00001198       0x80 .\CortexM3\ARM_GCC_541\Debug\Projekt_PSoC_Kode.a(CySpc.o)

.debug_pubnames
 *(.debug_pubnames)

.debug_info     0x00000000     0xc47c
 *(.debug_info .gnu.linkonce.wi.*)
 .debug_info    0x00000000     0x1571 .\CortexM3\ARM_GCC_541\Debug\main.o
 .debug_info    0x00001571      0xb4d .\CortexM3\ARM_GCC_541\Debug\RpiSPI.o
 .debug_info    0x000020be      0x720 .\CortexM3\ARM_GCC_541\Debug\PIDcontroller.o
 .debug_info    0x000027de      0x9a0 .\CortexM3\ARM_GCC_541\Debug\MotorController.o
 .debug_info    0x0000317e      0x271 .\CortexM3\ARM_GCC_541\Debug\Switches.o
 .debug_info    0x000033ef      0x357 .\CortexM3\ARM_GCC_541\Debug\LED.o
 .debug_info    0x00003746      0x2c5 .\CortexM3\ARM_GCC_541\Debug\GyroDefs.o
 .debug_info    0x00003a0b      0x78c .\CortexM3\ARM_GCC_541\Debug\i2c.o
 .debug_info    0x00004197      0xa80 .\CortexM3\ARM_GCC_541\Debug\Gyro.o
 .debug_info    0x00004c17      0x5bb .\CortexM3\ARM_GCC_541\Debug\ToF.o
 .debug_info    0x000051d2      0x5ef .\CortexM3\ARM_GCC_541\Debug\cyfitter_cfg.o
 .debug_info    0x000057c1      0x139 .\CortexM3\ARM_GCC_541\Debug\cymetadata.o
 .debug_info    0x000058fa      0x3bb .\CortexM3\ARM_GCC_541\Debug\Cm3Start.o
 .debug_info    0x00005cb5      0x3a0 .\CortexM3\ARM_GCC_541\Debug\Projekt_PSoC_Kode.a(PWM_1.o)
 .debug_info    0x00006055      0x2ad .\CortexM3\ARM_GCC_541\Debug\Projekt_PSoC_Kode.a(I2C_1.o)
 .debug_info    0x00006302      0x184 .\CortexM3\ARM_GCC_541\Debug\Projekt_PSoC_Kode.a(I2C_1_INT.o)
 .debug_info    0x00006486      0x207 .\CortexM3\ARM_GCC_541\Debug\Projekt_PSoC_Kode.a(I2C_1_PM.o)
 .debug_info    0x0000668d      0x407 .\CortexM3\ARM_GCC_541\Debug\Projekt_PSoC_Kode.a(I2C_1_MASTER.o)
 .debug_info    0x00006a94     0x1374 .\CortexM3\ARM_GCC_541\Debug\Projekt_PSoC_Kode.a(CyLib.o)
 .debug_info    0x00007e08      0xa2a .\CortexM3\ARM_GCC_541\Debug\Projekt_PSoC_Kode.a(cyPm.o)
 .debug_info    0x00008832      0x72d .\CortexM3\ARM_GCC_541\Debug\Projekt_PSoC_Kode.a(UART_1.o)
 .debug_info    0x00008f5f      0x14c .\CortexM3\ARM_GCC_541\Debug\Projekt_PSoC_Kode.a(UART_1_INT.o)
 .debug_info    0x000090ab      0x283 .\CortexM3\ARM_GCC_541\Debug\Projekt_PSoC_Kode.a(UART_1_IntClock.o)
 .debug_info    0x0000932e      0x5f2 .\CortexM3\ARM_GCC_541\Debug\Projekt_PSoC_Kode.a(SPIS_1.o)
 .debug_info    0x00009920      0x15a .\CortexM3\ARM_GCC_541\Debug\Projekt_PSoC_Kode.a(SPIS_1_INT.o)
 .debug_info    0x00009a7a      0x381 .\CortexM3\ARM_GCC_541\Debug\Projekt_PSoC_Kode.a(LED_PWM.o)
 .debug_info    0x00009dfb      0x2d2 .\CortexM3\ARM_GCC_541\Debug\Projekt_PSoC_Kode.a(Power_isr.o)
 .debug_info    0x0000a0cd      0x2d2 .\CortexM3\ARM_GCC_541\Debug\Projekt_PSoC_Kode.a(Follow_isr.o)
 .debug_info    0x0000a39f      0x4b9 .\CortexM3\ARM_GCC_541\Debug\Projekt_PSoC_Kode.a(SPIS.o)
 .debug_info    0x0000a858      0x2d2 .\CortexM3\ARM_GCC_541\Debug\Projekt_PSoC_Kode.a(isr_1.o)
 .debug_info    0x0000ab2a      0x11f .\CortexM3\ARM_GCC_541\Debug\Projekt_PSoC_Kode.a(Forward_ORANGE.o)
 .debug_info    0x0000ac49      0x11f .\CortexM3\ARM_GCC_541\Debug\Projekt_PSoC_Kode.a(Backward_GUL.o)
 .debug_info    0x0000ad68      0x295 .\CortexM3\ARM_GCC_541\Debug\Projekt_PSoC_Kode.a(Timer_1.o)
 .debug_info    0x0000affd      0x2d2 .\CortexM3\ARM_GCC_541\Debug\Projekt_PSoC_Kode.a(Motor_timer_isr.o)
 .debug_info    0x0000b2cf      0x295 .\CortexM3\ARM_GCC_541\Debug\Projekt_PSoC_Kode.a(Timer_2.o)
 .debug_info    0x0000b564      0x2d2 .\CortexM3\ARM_GCC_541\Debug\Projekt_PSoC_Kode.a(Tester.o)
 .debug_info    0x0000b836       0xa9 .\CortexM3\ARM_GCC_541\Debug\Projekt_PSoC_Kode.a(CyBootAsmGnu.o)
 .debug_info    0x0000b8df      0x64d .\CortexM3\ARM_GCC_541\Debug\Projekt_PSoC_Kode.a(CyFlash.o)
 .debug_info    0x0000bf2c      0x550 .\CortexM3\ARM_GCC_541\Debug\Projekt_PSoC_Kode.a(CySpc.o)

.debug_abbrev   0x00000000     0x36ec
 *(.debug_abbrev)
 .debug_abbrev  0x00000000      0x2ed .\CortexM3\ARM_GCC_541\Debug\main.o
 .debug_abbrev  0x000002ed      0x282 .\CortexM3\ARM_GCC_541\Debug\RpiSPI.o
 .debug_abbrev  0x0000056f      0x22c .\CortexM3\ARM_GCC_541\Debug\PIDcontroller.o
 .debug_abbrev  0x0000079b      0x1c3 .\CortexM3\ARM_GCC_541\Debug\MotorController.o
 .debug_abbrev  0x0000095e      0x145 .\CortexM3\ARM_GCC_541\Debug\Switches.o
 .debug_abbrev  0x00000aa3      0x1a2 .\CortexM3\ARM_GCC_541\Debug\LED.o
 .debug_abbrev  0x00000c45      0x137 .\CortexM3\ARM_GCC_541\Debug\GyroDefs.o
 .debug_abbrev  0x00000d7c      0x179 .\CortexM3\ARM_GCC_541\Debug\i2c.o
 .debug_abbrev  0x00000ef5      0x2e1 .\CortexM3\ARM_GCC_541\Debug\Gyro.o
 .debug_abbrev  0x000011d6      0x1de .\CortexM3\ARM_GCC_541\Debug\ToF.o
 .debug_abbrev  0x000013b4      0x20d .\CortexM3\ARM_GCC_541\Debug\cyfitter_cfg.o
 .debug_abbrev  0x000015c1       0x77 .\CortexM3\ARM_GCC_541\Debug\cymetadata.o
 .debug_abbrev  0x00001638      0x1e8 .\CortexM3\ARM_GCC_541\Debug\Cm3Start.o
 .debug_abbrev  0x00001820      0x133 .\CortexM3\ARM_GCC_541\Debug\Projekt_PSoC_Kode.a(PWM_1.o)
 .debug_abbrev  0x00001953      0x10a .\CortexM3\ARM_GCC_541\Debug\Projekt_PSoC_Kode.a(I2C_1.o)
 .debug_abbrev  0x00001a5d       0xb6 .\CortexM3\ARM_GCC_541\Debug\Projekt_PSoC_Kode.a(I2C_1_INT.o)
 .debug_abbrev  0x00001b13       0xfe .\CortexM3\ARM_GCC_541\Debug\Projekt_PSoC_Kode.a(I2C_1_PM.o)
 .debug_abbrev  0x00001c11      0x13c .\CortexM3\ARM_GCC_541\Debug\Projekt_PSoC_Kode.a(I2C_1_MASTER.o)
 .debug_abbrev  0x00001d4d      0x254 .\CortexM3\ARM_GCC_541\Debug\Projekt_PSoC_Kode.a(CyLib.o)
 .debug_abbrev  0x00001fa1      0x1ab .\CortexM3\ARM_GCC_541\Debug\Projekt_PSoC_Kode.a(cyPm.o)
 .debug_abbrev  0x0000214c      0x16f .\CortexM3\ARM_GCC_541\Debug\Projekt_PSoC_Kode.a(UART_1.o)
 .debug_abbrev  0x000022bb       0x8a .\CortexM3\ARM_GCC_541\Debug\Projekt_PSoC_Kode.a(UART_1_INT.o)
 .debug_abbrev  0x00002345      0x139 .\CortexM3\ARM_GCC_541\Debug\Projekt_PSoC_Kode.a(UART_1_IntClock.o)
 .debug_abbrev  0x0000247e      0x171 .\CortexM3\ARM_GCC_541\Debug\Projekt_PSoC_Kode.a(SPIS_1.o)
 .debug_abbrev  0x000025ef       0xa2 .\CortexM3\ARM_GCC_541\Debug\Projekt_PSoC_Kode.a(SPIS_1_INT.o)
 .debug_abbrev  0x00002691      0x133 .\CortexM3\ARM_GCC_541\Debug\Projekt_PSoC_Kode.a(LED_PWM.o)
 .debug_abbrev  0x000027c4      0x173 .\CortexM3\ARM_GCC_541\Debug\Projekt_PSoC_Kode.a(Power_isr.o)
 .debug_abbrev  0x00002937      0x173 .\CortexM3\ARM_GCC_541\Debug\Projekt_PSoC_Kode.a(Follow_isr.o)
 .debug_abbrev  0x00002aaa      0x146 .\CortexM3\ARM_GCC_541\Debug\Projekt_PSoC_Kode.a(SPIS.o)
 .debug_abbrev  0x00002bf0      0x173 .\CortexM3\ARM_GCC_541\Debug\Projekt_PSoC_Kode.a(isr_1.o)
 .debug_abbrev  0x00002d63       0x90 .\CortexM3\ARM_GCC_541\Debug\Projekt_PSoC_Kode.a(Forward_ORANGE.o)
 .debug_abbrev  0x00002df3       0x90 .\CortexM3\ARM_GCC_541\Debug\Projekt_PSoC_Kode.a(Backward_GUL.o)
 .debug_abbrev  0x00002e83      0x11a .\CortexM3\ARM_GCC_541\Debug\Projekt_PSoC_Kode.a(Timer_1.o)
 .debug_abbrev  0x00002f9d      0x173 .\CortexM3\ARM_GCC_541\Debug\Projekt_PSoC_Kode.a(Motor_timer_isr.o)
 .debug_abbrev  0x00003110      0x11a .\CortexM3\ARM_GCC_541\Debug\Projekt_PSoC_Kode.a(Timer_2.o)
 .debug_abbrev  0x0000322a      0x173 .\CortexM3\ARM_GCC_541\Debug\Projekt_PSoC_Kode.a(Tester.o)
 .debug_abbrev  0x0000339d       0x14 .\CortexM3\ARM_GCC_541\Debug\Projekt_PSoC_Kode.a(CyBootAsmGnu.o)
 .debug_abbrev  0x000033b1      0x1a7 .\CortexM3\ARM_GCC_541\Debug\Projekt_PSoC_Kode.a(CyFlash.o)
 .debug_abbrev  0x00003558      0x194 .\CortexM3\ARM_GCC_541\Debug\Projekt_PSoC_Kode.a(CySpc.o)

.debug_line     0x00000000     0x4a28
 *(.debug_line)
 .debug_line    0x00000000      0x395 .\CortexM3\ARM_GCC_541\Debug\main.o
 .debug_line    0x00000395      0x242 .\CortexM3\ARM_GCC_541\Debug\RpiSPI.o
 .debug_line    0x000005d7      0x1f9 .\CortexM3\ARM_GCC_541\Debug\PIDcontroller.o
 .debug_line    0x000007d0      0x2f5 .\CortexM3\ARM_GCC_541\Debug\MotorController.o
 .debug_line    0x00000ac5      0x1bb .\CortexM3\ARM_GCC_541\Debug\Switches.o
 .debug_line    0x00000c80      0x1e6 .\CortexM3\ARM_GCC_541\Debug\LED.o
 .debug_line    0x00000e66      0x197 .\CortexM3\ARM_GCC_541\Debug\GyroDefs.o
 .debug_line    0x00000ffd      0x248 .\CortexM3\ARM_GCC_541\Debug\i2c.o
 .debug_line    0x00001245      0x33d .\CortexM3\ARM_GCC_541\Debug\Gyro.o
 .debug_line    0x00001582      0x283 .\CortexM3\ARM_GCC_541\Debug\ToF.o
 .debug_line    0x00001805      0x202 .\CortexM3\ARM_GCC_541\Debug\cyfitter_cfg.o
 .debug_line    0x00001a07      0x141 .\CortexM3\ARM_GCC_541\Debug\cymetadata.o
 .debug_line    0x00001b48      0x234 .\CortexM3\ARM_GCC_541\Debug\Cm3Start.o
 .debug_line    0x00001d7c      0x1ac .\CortexM3\ARM_GCC_541\Debug\Projekt_PSoC_Kode.a(PWM_1.o)
 .debug_line    0x00001f28       0xdf .\CortexM3\ARM_GCC_541\Debug\Projekt_PSoC_Kode.a(I2C_1.o)
 .debug_line    0x00002007      0x118 .\CortexM3\ARM_GCC_541\Debug\Projekt_PSoC_Kode.a(I2C_1_INT.o)
 .debug_line    0x0000211f       0xbf .\CortexM3\ARM_GCC_541\Debug\Projekt_PSoC_Kode.a(I2C_1_PM.o)
 .debug_line    0x000021de      0x201 .\CortexM3\ARM_GCC_541\Debug\Projekt_PSoC_Kode.a(I2C_1_MASTER.o)
 .debug_line    0x000023df      0x816 .\CortexM3\ARM_GCC_541\Debug\Projekt_PSoC_Kode.a(CyLib.o)
 .debug_line    0x00002bf5      0x367 .\CortexM3\ARM_GCC_541\Debug\Projekt_PSoC_Kode.a(cyPm.o)
 .debug_line    0x00002f5c      0x306 .\CortexM3\ARM_GCC_541\Debug\Projekt_PSoC_Kode.a(UART_1.o)
 .debug_line    0x00003262       0x85 .\CortexM3\ARM_GCC_541\Debug\Projekt_PSoC_Kode.a(UART_1_INT.o)
 .debug_line    0x000032e7      0x17e .\CortexM3\ARM_GCC_541\Debug\Projekt_PSoC_Kode.a(UART_1_IntClock.o)
 .debug_line    0x00003465      0x272 .\CortexM3\ARM_GCC_541\Debug\Projekt_PSoC_Kode.a(SPIS_1.o)
 .debug_line    0x000036d7       0x97 .\CortexM3\ARM_GCC_541\Debug\Projekt_PSoC_Kode.a(SPIS_1_INT.o)
 .debug_line    0x0000376e      0x1ab .\CortexM3\ARM_GCC_541\Debug\Projekt_PSoC_Kode.a(LED_PWM.o)
 .debug_line    0x00003919      0x136 .\CortexM3\ARM_GCC_541\Debug\Projekt_PSoC_Kode.a(Power_isr.o)
 .debug_line    0x00003a4f      0x137 .\CortexM3\ARM_GCC_541\Debug\Projekt_PSoC_Kode.a(Follow_isr.o)
 .debug_line    0x00003b86      0x243 .\CortexM3\ARM_GCC_541\Debug\Projekt_PSoC_Kode.a(SPIS.o)
 .debug_line    0x00003dc9      0x132 .\CortexM3\ARM_GCC_541\Debug\Projekt_PSoC_Kode.a(isr_1.o)
 .debug_line    0x00003efb       0x9b .\CortexM3\ARM_GCC_541\Debug\Projekt_PSoC_Kode.a(Forward_ORANGE.o)
 .debug_line    0x00003f96       0x99 .\CortexM3\ARM_GCC_541\Debug\Projekt_PSoC_Kode.a(Backward_GUL.o)
 .debug_line    0x0000402f      0x155 .\CortexM3\ARM_GCC_541\Debug\Projekt_PSoC_Kode.a(Timer_1.o)
 .debug_line    0x00004184      0x13c .\CortexM3\ARM_GCC_541\Debug\Projekt_PSoC_Kode.a(Motor_timer_isr.o)
 .debug_line    0x000042c0      0x155 .\CortexM3\ARM_GCC_541\Debug\Projekt_PSoC_Kode.a(Timer_2.o)
 .debug_line    0x00004415      0x133 .\CortexM3\ARM_GCC_541\Debug\Projekt_PSoC_Kode.a(Tester.o)
 .debug_line    0x00004548       0x66 .\CortexM3\ARM_GCC_541\Debug\Projekt_PSoC_Kode.a(CyBootAsmGnu.o)
 .debug_line    0x000045ae      0x21a .\CortexM3\ARM_GCC_541\Debug\Projekt_PSoC_Kode.a(CyFlash.o)
 .debug_line    0x000047c8      0x260 .\CortexM3\ARM_GCC_541\Debug\Projekt_PSoC_Kode.a(CySpc.o)

.debug_frame    0x00000000     0x2ee4
 *(.debug_frame)
 .debug_frame   0x00000000      0x114 .\CortexM3\ARM_GCC_541\Debug\main.o
 .debug_frame   0x00000114       0x94 .\CortexM3\ARM_GCC_541\Debug\RpiSPI.o
 .debug_frame   0x000001a8       0xb0 .\CortexM3\ARM_GCC_541\Debug\PIDcontroller.o
 .debug_frame   0x00000258      0x1a0 .\CortexM3\ARM_GCC_541\Debug\MotorController.o
 .debug_frame   0x000003f8       0x50 .\CortexM3\ARM_GCC_541\Debug\Switches.o
 .debug_frame   0x00000448       0x90 .\CortexM3\ARM_GCC_541\Debug\LED.o
 .debug_frame   0x000004d8       0x2c .\CortexM3\ARM_GCC_541\Debug\GyroDefs.o
 .debug_frame   0x00000504      0x10c .\CortexM3\ARM_GCC_541\Debug\i2c.o
 .debug_frame   0x00000610      0x140 .\CortexM3\ARM_GCC_541\Debug\Gyro.o
 .debug_frame   0x00000750       0xc4 .\CortexM3\ARM_GCC_541\Debug\ToF.o
 .debug_frame   0x00000814       0xe4 .\CortexM3\ARM_GCC_541\Debug\cyfitter_cfg.o
 .debug_frame   0x000008f8       0xb8 .\CortexM3\ARM_GCC_541\Debug\Cm3Start.o
 .debug_frame   0x000009b0      0x154 .\CortexM3\ARM_GCC_541\Debug\Projekt_PSoC_Kode.a(PWM_1.o)
 .debug_frame   0x00000b04       0x94 .\CortexM3\ARM_GCC_541\Debug\Projekt_PSoC_Kode.a(I2C_1.o)
 .debug_frame   0x00000b98       0x30 .\CortexM3\ARM_GCC_541\Debug\Projekt_PSoC_Kode.a(I2C_1_INT.o)
 .debug_frame   0x00000bc8       0x74 .\CortexM3\ARM_GCC_541\Debug\Projekt_PSoC_Kode.a(I2C_1_PM.o)
 .debug_frame   0x00000c3c      0x138 .\CortexM3\ARM_GCC_541\Debug\Projekt_PSoC_Kode.a(I2C_1_MASTER.o)
 .debug_frame   0x00000d74      0x738 .\CortexM3\ARM_GCC_541\Debug\Projekt_PSoC_Kode.a(CyLib.o)
 .debug_frame   0x000014ac      0x1f8 .\CortexM3\ARM_GCC_541\Debug\Projekt_PSoC_Kode.a(cyPm.o)
 .debug_frame   0x000016a4      0x25c .\CortexM3\ARM_GCC_541\Debug\Projekt_PSoC_Kode.a(UART_1.o)
 .debug_frame   0x00001900       0x20 .\CortexM3\ARM_GCC_541\Debug\Projekt_PSoC_Kode.a(UART_1_INT.o)
 .debug_frame   0x00001920       0xe0 .\CortexM3\ARM_GCC_541\Debug\Projekt_PSoC_Kode.a(UART_1_IntClock.o)
 .debug_frame   0x00001a00      0x234 .\CortexM3\ARM_GCC_541\Debug\Projekt_PSoC_Kode.a(SPIS_1.o)
 .debug_frame   0x00001c34       0x30 .\CortexM3\ARM_GCC_541\Debug\Projekt_PSoC_Kode.a(SPIS_1_INT.o)
 .debug_frame   0x00001c64      0x154 .\CortexM3\ARM_GCC_541\Debug\Projekt_PSoC_Kode.a(LED_PWM.o)
 .debug_frame   0x00001db8      0x104 .\CortexM3\ARM_GCC_541\Debug\Projekt_PSoC_Kode.a(Power_isr.o)
 .debug_frame   0x00001ebc      0x104 .\CortexM3\ARM_GCC_541\Debug\Projekt_PSoC_Kode.a(Follow_isr.o)
 .debug_frame   0x00001fc0      0x1f8 .\CortexM3\ARM_GCC_541\Debug\Projekt_PSoC_Kode.a(SPIS.o)
 .debug_frame   0x000021b8      0x104 .\CortexM3\ARM_GCC_541\Debug\Projekt_PSoC_Kode.a(isr_1.o)
 .debug_frame   0x000022bc       0x50 .\CortexM3\ARM_GCC_541\Debug\Projekt_PSoC_Kode.a(Forward_ORANGE.o)
 .debug_frame   0x0000230c       0x50 .\CortexM3\ARM_GCC_541\Debug\Projekt_PSoC_Kode.a(Backward_GUL.o)
 .debug_frame   0x0000235c      0x108 .\CortexM3\ARM_GCC_541\Debug\Projekt_PSoC_Kode.a(Timer_1.o)
 .debug_frame   0x00002464      0x104 .\CortexM3\ARM_GCC_541\Debug\Projekt_PSoC_Kode.a(Motor_timer_isr.o)
 .debug_frame   0x00002568      0x108 .\CortexM3\ARM_GCC_541\Debug\Projekt_PSoC_Kode.a(Timer_2.o)
 .debug_frame   0x00002670      0x104 .\CortexM3\ARM_GCC_541\Debug\Projekt_PSoC_Kode.a(Tester.o)
 .debug_frame   0x00002774      0x194 .\CortexM3\ARM_GCC_541\Debug\Projekt_PSoC_Kode.a(CyFlash.o)
 .debug_frame   0x00002908      0x180 .\CortexM3\ARM_GCC_541\Debug\Projekt_PSoC_Kode.a(CySpc.o)
 .debug_frame   0x00002a88       0x20 c:/program files (x86)/cypress/psoc creator/4.2/psoc creator/import/gnu/arm/5.4.1/bin/../lib/gcc/arm-none-eabi/5.4.1/../../../../arm-none-eabi/lib/armv7-m\libg_nano.a(lib_a-aeabi_atexit.o)
 .debug_frame   0x00002aa8       0x28 c:/program files (x86)/cypress/psoc creator/4.2/psoc creator/import/gnu/arm/5.4.1/bin/../lib/gcc/arm-none-eabi/5.4.1/../../../../arm-none-eabi/lib/armv7-m\libg_nano.a(lib_a-cxa_atexit.o)
 .debug_frame   0x00002ad0       0x20 c:/program files (x86)/cypress/psoc creator/4.2/psoc creator/import/gnu/arm/5.4.1/bin/../lib/gcc/arm-none-eabi/5.4.1/../../../../arm-none-eabi/lib/armv7-m\libg_nano.a(lib_a-errno.o)
 .debug_frame   0x00002af0       0x28 c:/program files (x86)/cypress/psoc creator/4.2/psoc creator/import/gnu/arm/5.4.1/bin/../lib/gcc/arm-none-eabi/5.4.1/../../../../arm-none-eabi/lib/armv7-m\libg_nano.a(lib_a-exit.o)
 .debug_frame   0x00002b18       0x2c c:/program files (x86)/cypress/psoc creator/4.2/psoc creator/import/gnu/arm/5.4.1/bin/../lib/gcc/arm-none-eabi/5.4.1/../../../../arm-none-eabi/lib/armv7-m\libg_nano.a(lib_a-init.o)
 .debug_frame   0x00002b44       0x30 c:/program files (x86)/cypress/psoc creator/4.2/psoc creator/import/gnu/arm/5.4.1/bin/../lib/gcc/arm-none-eabi/5.4.1/../../../../arm-none-eabi/lib/armv7-m\libg_nano.a(lib_a-malloc.o)
 .debug_frame   0x00002b74       0x28 c:/program files (x86)/cypress/psoc creator/4.2/psoc creator/import/gnu/arm/5.4.1/bin/../lib/gcc/arm-none-eabi/5.4.1/../../../../arm-none-eabi/lib/armv7-m\libg_nano.a(lib_a-memcpy-stub.o)
 .debug_frame   0x00002b9c       0x20 c:/program files (x86)/cypress/psoc creator/4.2/psoc creator/import/gnu/arm/5.4.1/bin/../lib/gcc/arm-none-eabi/5.4.1/../../../../arm-none-eabi/lib/armv7-m\libg_nano.a(lib_a-memset.o)
 .debug_frame   0x00002bbc       0x38 c:/program files (x86)/cypress/psoc creator/4.2/psoc creator/import/gnu/arm/5.4.1/bin/../lib/gcc/arm-none-eabi/5.4.1/../../../../arm-none-eabi/lib/armv7-m\libg_nano.a(lib_a-nano-freer.o)
 .debug_frame   0x00002bf4       0x2c c:/program files (x86)/cypress/psoc creator/4.2/psoc creator/import/gnu/arm/5.4.1/bin/../lib/gcc/arm-none-eabi/5.4.1/../../../../arm-none-eabi/lib/armv7-m\libg_nano.a(lib_a-nano-mallocr.o)
 .debug_frame   0x00002c20       0x2c c:/program files (x86)/cypress/psoc creator/4.2/psoc creator/import/gnu/arm/5.4.1/bin/../lib/gcc/arm-none-eabi/5.4.1/../../../../arm-none-eabi/lib/armv7-m\libg_nano.a(lib_a-sbrkr.o)
 .debug_frame   0x00002c4c       0x70 c:/program files (x86)/cypress/psoc creator/4.2/psoc creator/import/gnu/arm/5.4.1/bin/../lib/gcc/arm-none-eabi/5.4.1/../../../../arm-none-eabi/lib/armv7-m\libg_nano.a(lib_a-sprintf.o)
 .debug_frame   0x00002cbc       0x30 c:/program files (x86)/cypress/psoc creator/4.2/psoc creator/import/gnu/arm/5.4.1/bin/../lib/gcc/arm-none-eabi/5.4.1/../../../../arm-none-eabi/lib/armv7-m\libg_nano.a(lib_a-mlock.o)
 .debug_frame   0x00002cec       0x90 c:/program files (x86)/cypress/psoc creator/4.2/psoc creator/import/gnu/arm/5.4.1/bin/../lib/gcc/arm-none-eabi/5.4.1/../../../../arm-none-eabi/lib/armv7-m\libg_nano.a(lib_a-nano-svfprintf.o)
 .debug_frame   0x00002d7c       0x60 c:/program files (x86)/cypress/psoc creator/4.2/psoc creator/import/gnu/arm/5.4.1/bin/../lib/gcc/arm-none-eabi/5.4.1/../../../../arm-none-eabi/lib/armv7-m\libg_nano.a(lib_a-nano-vfprintf_i.o)
 .debug_frame   0x00002ddc       0x5c c:/program files (x86)/cypress/psoc creator/4.2/psoc creator/import/gnu/arm/5.4.1/bin/../lib/gcc/arm-none-eabi/5.4.1/../../../../arm-none-eabi/lib/armv7-m\libg_nano.a(lib_a-reent.o)
 .debug_frame   0x00002e38       0x28 c:/program files (x86)/cypress/psoc creator/4.2/psoc creator/import/gnu/arm/5.4.1/bin/../lib/gcc/arm-none-eabi/5.4.1/../../../../arm-none-eabi/lib/armv7-m\libg_nano.a(lib_a-memchr-stub.o)
 .debug_frame   0x00002e60       0x28 c:/program files (x86)/cypress/psoc creator/4.2/psoc creator/import/gnu/arm/5.4.1/bin/../lib/gcc/arm-none-eabi/5.4.1/../../../../arm-none-eabi/lib/armv7-m\libg_nano.a(lib_a-memmove.o)
 .debug_frame   0x00002e88       0x3c c:/program files (x86)/cypress/psoc creator/4.2/psoc creator/import/gnu/arm/5.4.1/bin/../lib/gcc/arm-none-eabi/5.4.1/../../../../arm-none-eabi/lib/armv7-m\libg_nano.a(lib_a-nano-reallocr.o)
 .debug_frame   0x00002ec4       0x20 c:/program files (x86)/cypress/psoc creator/4.2/psoc creator/import/gnu/arm/5.4.1/bin/../lib/gcc/arm-none-eabi/5.4.1/../../../../arm-none-eabi/lib/armv7-m\libg_nano.a(lib_a-nano-msizer.o)

.debug_str      0x00000000     0x3d50
 *(.debug_str)
 .debug_str     0x00000000      0xf15 .\CortexM3\ARM_GCC_541\Debug\main.o
                               0x1001 (size before relaxing)
 .debug_str     0x00000f15       0xa3 .\CortexM3\ARM_GCC_541\Debug\RpiSPI.o
                                0xa01 (size before relaxing)
 .debug_str     0x00000fb8       0x7d .\CortexM3\ARM_GCC_541\Debug\PIDcontroller.o
                                0x733 (size before relaxing)
 .debug_str     0x00001035       0xa6 .\CortexM3\ARM_GCC_541\Debug\MotorController.o
                                0x5b7 (size before relaxing)
 .debug_str     0x000010db       0x34 .\CortexM3\ARM_GCC_541\Debug\Switches.o
                                0x2d9 (size before relaxing)
 .debug_str     0x0000110f       0x88 .\CortexM3\ARM_GCC_541\Debug\LED.o
                                0x2f1 (size before relaxing)
 .debug_str     0x00001197       0x70 .\CortexM3\ARM_GCC_541\Debug\GyroDefs.o
                                0x315 (size before relaxing)
 .debug_str     0x00001207       0xce .\CortexM3\ARM_GCC_541\Debug\i2c.o
                                0x427 (size before relaxing)
 .debug_str     0x000012d5       0x7c .\CortexM3\ARM_GCC_541\Debug\Gyro.o
                                0x5a8 (size before relaxing)
 .debug_str     0x00001351       0x1f .\CortexM3\ARM_GCC_541\Debug\ToF.o
                                0x3d1 (size before relaxing)
 .debug_str     0x00001370      0x243 .\CortexM3\ARM_GCC_541\Debug\cyfitter_cfg.o
                                0x363 (size before relaxing)
 .debug_str     0x000015b3       0x75 .\CortexM3\ARM_GCC_541\Debug\cymetadata.o
                                0x1fd (size before relaxing)
 .debug_str     0x00001628      0x13e .\CortexM3\ARM_GCC_541\Debug\Cm3Start.o
                                0x323 (size before relaxing)
 .debug_str     0x00001766      0x1b8 .\CortexM3\ARM_GCC_541\Debug\Projekt_PSoC_Kode.a(PWM_1.o)
                                0x3a0 (size before relaxing)
 .debug_str     0x0000191e      0x118 .\CortexM3\ARM_GCC_541\Debug\Projekt_PSoC_Kode.a(I2C_1.o)
                                0x312 (size before relaxing)
 .debug_str     0x00001a36       0x94 .\CortexM3\ARM_GCC_541\Debug\Projekt_PSoC_Kode.a(I2C_1_INT.o)
                                0x28e (size before relaxing)
 .debug_str     0x00001aca       0x60 .\CortexM3\ARM_GCC_541\Debug\Projekt_PSoC_Kode.a(I2C_1_PM.o)
                                0x2a8 (size before relaxing)
 .debug_str     0x00001b2a      0x123 .\CortexM3\ARM_GCC_541\Debug\Projekt_PSoC_Kode.a(I2C_1_MASTER.o)
                                0x3eb (size before relaxing)
 .debug_str     0x00001c4d      0x7d3 .\CortexM3\ARM_GCC_541\Debug\Projekt_PSoC_Kode.a(CyLib.o)
                                0xa60 (size before relaxing)
 .debug_str     0x00002420      0x365 .\CortexM3\ARM_GCC_541\Debug\Projekt_PSoC_Kode.a(cyPm.o)
                                0x74c (size before relaxing)
 .debug_str     0x00002785      0x357 .\CortexM3\ARM_GCC_541\Debug\Projekt_PSoC_Kode.a(UART_1.o)
                                0x5a7 (size before relaxing)
 .debug_str     0x00002adc       0x57 .\CortexM3\ARM_GCC_541\Debug\Projekt_PSoC_Kode.a(UART_1_INT.o)
                                0x274 (size before relaxing)
 .debug_str     0x00002b33      0x197 .\CortexM3\ARM_GCC_541\Debug\Projekt_PSoC_Kode.a(UART_1_IntClock.o)
                                0x367 (size before relaxing)
 .debug_str     0x00002cca      0x244 .\CortexM3\ARM_GCC_541\Debug\Projekt_PSoC_Kode.a(SPIS_1.o)
                                0x4df (size before relaxing)
 .debug_str     0x00002f0e       0x40 .\CortexM3\ARM_GCC_541\Debug\Projekt_PSoC_Kode.a(SPIS_1_INT.o)
                                0x25c (size before relaxing)
 .debug_str     0x00002f4e      0x154 .\CortexM3\ARM_GCC_541\Debug\Projekt_PSoC_Kode.a(LED_PWM.o)
                                0x3bd (size before relaxing)
 .debug_str     0x000030a2      0x10c .\CortexM3\ARM_GCC_541\Debug\Projekt_PSoC_Kode.a(Power_isr.o)
                                0x2f7 (size before relaxing)
 .debug_str     0x000031ae      0x119 .\CortexM3\ARM_GCC_541\Debug\Projekt_PSoC_Kode.a(Follow_isr.o)
                                0x305 (size before relaxing)
 .debug_str     0x000032c7      0x1a4 .\CortexM3\ARM_GCC_541\Debug\Projekt_PSoC_Kode.a(SPIS.o)
                                0x41e (size before relaxing)
 .debug_str     0x0000346b       0xd8 .\CortexM3\ARM_GCC_541\Debug\Projekt_PSoC_Kode.a(isr_1.o)
                                0x2bf (size before relaxing)
 .debug_str     0x00003543       0x7e .\CortexM3\ARM_GCC_541\Debug\Projekt_PSoC_Kode.a(Forward_ORANGE.o)
                                0x228 (size before relaxing)
 .debug_str     0x000035c1       0x6b .\CortexM3\ARM_GCC_541\Debug\Projekt_PSoC_Kode.a(Backward_GUL.o)
                                0x21e (size before relaxing)
 .debug_str     0x0000362c      0x142 .\CortexM3\ARM_GCC_541\Debug\Projekt_PSoC_Kode.a(Timer_1.o)
                                0x32e (size before relaxing)
 .debug_str     0x0000376e      0x15a .\CortexM3\ARM_GCC_541\Debug\Projekt_PSoC_Kode.a(Motor_timer_isr.o)
                                0x34b (size before relaxing)
 .debug_str     0x000038c8      0x143 .\CortexM3\ARM_GCC_541\Debug\Projekt_PSoC_Kode.a(Timer_2.o)
                                0x32e (size before relaxing)
 .debug_str     0x00003a0b       0xe5 .\CortexM3\ARM_GCC_541\Debug\Projekt_PSoC_Kode.a(Tester.o)
                                0x2cd (size before relaxing)
 .debug_str     0x00003af0      0x1b4 .\CortexM3\ARM_GCC_541\Debug\Projekt_PSoC_Kode.a(CyFlash.o)
                                0x3d9 (size before relaxing)
 .debug_str     0x00003ca4       0xac .\CortexM3\ARM_GCC_541\Debug\Projekt_PSoC_Kode.a(CySpc.o)
                                0x351 (size before relaxing)

.debug_loc      0x00000000     0x3c1f
 *(.debug_loc)
 .debug_loc     0x00000000       0xa0 .\CortexM3\ARM_GCC_541\Debug\main.o
 .debug_loc     0x000000a0      0x290 .\CortexM3\ARM_GCC_541\Debug\RpiSPI.o
 .debug_loc     0x00000330      0x16a .\CortexM3\ARM_GCC_541\Debug\PIDcontroller.o
 .debug_loc     0x0000049a      0x3e1 .\CortexM3\ARM_GCC_541\Debug\MotorController.o
 .debug_loc     0x0000087b       0x21 .\CortexM3\ARM_GCC_541\Debug\Switches.o
 .debug_loc     0x0000089c      0x17a .\CortexM3\ARM_GCC_541\Debug\LED.o
 .debug_loc     0x00000a16      0x546 .\CortexM3\ARM_GCC_541\Debug\i2c.o
 .debug_loc     0x00000f5c      0x1a5 .\CortexM3\ARM_GCC_541\Debug\Gyro.o
 .debug_loc     0x00001101      0x15e .\CortexM3\ARM_GCC_541\Debug\ToF.o
 .debug_loc     0x0000125f      0x259 .\CortexM3\ARM_GCC_541\Debug\cyfitter_cfg.o
 .debug_loc     0x000014b8      0x144 .\CortexM3\ARM_GCC_541\Debug\Cm3Start.o
 .debug_loc     0x000015fc       0x26 .\CortexM3\ARM_GCC_541\Debug\Projekt_PSoC_Kode.a(PWM_1.o)
 .debug_loc     0x00001622       0x39 .\CortexM3\ARM_GCC_541\Debug\Projekt_PSoC_Kode.a(I2C_1.o)
 .debug_loc     0x0000165b       0x29 .\CortexM3\ARM_GCC_541\Debug\Projekt_PSoC_Kode.a(I2C_1_INT.o)
 .debug_loc     0x00001684       0x13 .\CortexM3\ARM_GCC_541\Debug\Projekt_PSoC_Kode.a(I2C_1_PM.o)
 .debug_loc     0x00001697      0x52f .\CortexM3\ARM_GCC_541\Debug\Projekt_PSoC_Kode.a(I2C_1_MASTER.o)
 .debug_loc     0x00001bc6      0xa11 .\CortexM3\ARM_GCC_541\Debug\Projekt_PSoC_Kode.a(CyLib.o)
 .debug_loc     0x000025d7      0x1e4 .\CortexM3\ARM_GCC_541\Debug\Projekt_PSoC_Kode.a(cyPm.o)
 .debug_loc     0x000027bb      0x34e .\CortexM3\ARM_GCC_541\Debug\Projekt_PSoC_Kode.a(UART_1.o)
 .debug_loc     0x00002b09       0x45 .\CortexM3\ARM_GCC_541\Debug\Projekt_PSoC_Kode.a(UART_1_INT.o)
 .debug_loc     0x00002b4e      0x128 .\CortexM3\ARM_GCC_541\Debug\Projekt_PSoC_Kode.a(UART_1_IntClock.o)
 .debug_loc     0x00002c76      0x15e .\CortexM3\ARM_GCC_541\Debug\Projekt_PSoC_Kode.a(SPIS_1.o)
 .debug_loc     0x00002dd4       0x49 .\CortexM3\ARM_GCC_541\Debug\Projekt_PSoC_Kode.a(SPIS_1_INT.o)
 .debug_loc     0x00002e1d       0x26 .\CortexM3\ARM_GCC_541\Debug\Projekt_PSoC_Kode.a(LED_PWM.o)
 .debug_loc     0x00002e43       0x56 .\CortexM3\ARM_GCC_541\Debug\Projekt_PSoC_Kode.a(Power_isr.o)
 .debug_loc     0x00002e99       0x56 .\CortexM3\ARM_GCC_541\Debug\Projekt_PSoC_Kode.a(Follow_isr.o)
 .debug_loc     0x00002eef       0xf3 .\CortexM3\ARM_GCC_541\Debug\Projekt_PSoC_Kode.a(SPIS.o)
 .debug_loc     0x00002fe2       0x56 .\CortexM3\ARM_GCC_541\Debug\Projekt_PSoC_Kode.a(isr_1.o)
 .debug_loc     0x00003038       0x42 .\CortexM3\ARM_GCC_541\Debug\Projekt_PSoC_Kode.a(Forward_ORANGE.o)
 .debug_loc     0x0000307a       0x42 .\CortexM3\ARM_GCC_541\Debug\Projekt_PSoC_Kode.a(Backward_GUL.o)